<html>
<body>
<pre>
<h1>µVision Build Log</h1>
<h2>Tool Versions:</h2>
IDE-Version: ¦ÌVision V5.25.3.0
Copyright (C) 2018 ARM Ltd and ARM Germany GmbH. All rights reserved.
License Information: 222 1335980586@qq.com, 222, LIC=RC93N-YN7AZ-WFDI7-E0AQ1-KTD5T-K133B
 
Tool Versions:
Toolchain:       MDK-ARM Plus  Version: 5.31.0.0
Toolchain Path:  D:\ARM\ARMCC\Bin
C Compiler:      Armcc.exe V5.06 update 6 (build 750)
Assembler:       Armasm.exe V5.06 update 6 (build 750)
Linker/Locator:  ArmLink.exe V5.06 update 6 (build 750)
Library Manager: ArmAr.exe V5.06 update 6 (build 750)
Hex Converter:   FromElf.exe V5.06 update 6 (build 750)
CPU DLL:         SARMCM3.DLL V5.31.0.0
Dialog DLL:      DCM.DLL V1.17.3.0
Target DLL:      CMSIS_AGDI.dll V1.32.6.0
Dialog DLL:      TCM.DLL V1.46.0.0
 
<h2>Project:</h2>
C:\Users\13359\Desktop\Remote_Rev1.0(240930)\USER\Template.uvprojx
Project File Date:  10/18/2024

<h2>Output:</h2>
*** Using Compiler 'V5.06 update 6 (build 750)', folder: 'D:\ARM\ARMCC\Bin'
Build target 'Target 1'
compiling iap_APP.c...
compiling app.c...
compiling task.c...
..\HARDWARE\APP\task.c(10): warning:  #177-D: variable "atCommand"  was declared but never referenced
  	char *atCommand = "AT+CWJAP=\"RedmiLWT\",\"12345678\",\"s.y\"\r\n";
..\HARDWARE\APP\task.c(11): warning:  #177-D: variable "atCommand1"  was declared but never referenced
  	char *atCommand1 = "AT+CWJAP=\"XHCTEST\",\"test66668888\",\"s.y\"\r\n";
..\HARDWARE\APP\task.c(12): warning:  #177-D: variable "atCommand2"  was declared but never referenced
  	char *atCommand2 = "AT+CWJAP=\"dd\",\"dd66668888\",\"s.y\"\r\n";
..\HARDWARE\APP\task.c: 3 warnings, 0 errors
compiling timer.c...
..\HARDWARE\timer\timer.c(6): warning:  #177-D: variable "garry_ch0"  was declared but never referenced
  static u32 garry_ch0[10] = {0};
..\HARDWARE\timer\timer.c(7): warning:  #177-D: variable "garry_ch1"  was declared but never referenced
  static u32 garry_ch1[10] = {0};
..\HARDWARE\timer\timer.c(8): warning:  #177-D: variable "gGetAdcCounter"  was declared but never referenced
  static u16 gGetAdcCounter = 0;
..\HARDWARE\timer\timer.c: 3 warnings, 0 errors
compiling main.c...
compiling stm32f10x_it.c...
compiling exti.c...
compiling can.c...
..\HARDWARE\CAN\can.c(194): warning:  #177-D: variable "ReportResults"  was declared but never referenced
  	u32 ReportResults,j = 0;
..\HARDWARE\CAN\can.c(194): warning:  #177-D: variable "j"  was declared but never referenced
  	u32 ReportResults,j = 0;
..\HARDWARE\CAN\can.c(195): warning:  #177-D: variable "checksum"  was declared but never referenced
  	u8 checksum = 0;
..\HARDWARE\CAN\can.c(226): warning:  #177-D: variable "ReportResults"  was declared but never referenced
  	u32 ReportResults,j = 0;
..\HARDWARE\CAN\can.c(226): warning:  #177-D: variable "j"  was declared but never referenced
  	u32 ReportResults,j = 0;
..\HARDWARE\CAN\can.c(227): warning:  #177-D: variable "checksum"  was declared but never referenced
  	u8 checksum = 0;
..\HARDWARE\CAN\can.c: 6 warnings, 0 errors
compiling BSP_eeprom.c...
compiling key.c...
compiling motor.c...
compiling AD.c...
..\HARDWARE\APP\AD.c(177): warning:  #177-D: variable "n"  was declared but never referenced
  	uint8_t i,j,n;
..\HARDWARE\APP\AD.c(179): warning:  #177-D: variable "output"  was declared but never referenced
  	uint16_t temp = 0,output = 0;
..\HARDWARE\APP\AD.c: 2 warnings, 0 errors
linking...
Program Size: Code=14520 RO-data=268 RW-data=828 ZI-data=7308  
FromELF: creating hex file...
"..\OBJ\Template.axf" - 0 Error(s), 14 Warning(s).

<h2>Software Packages used:</h2>

Package Vendor: Keil
                http://www.keil.com/pack/Keil.STM32F1xx_DFP.2.2.0.pack
                Keil.STM32F1xx_DFP.2.2.0
                STMicroelectronics STM32F1 Series Device Support, Drivers and Examples

<h2>Collection of Component include folders:</h2>
  .\RTE\_Target_1
  D:\Keil\STM32F1xx_DFP\2.2.0\Device\Include

<h2>Collection of Component Files used:</h2>
Build Time Elapsed:  00:00:01
</pre>
</body>
</html>
