Component: ARM Compiler 5.06 update 6 (build 750) Tool: armlink [4d35ed]

==============================================================================

Section Cross References

    main.o(i.main) refers to misc.o(i.NVIC_PriorityGroupConfig) for NVIC_PriorityGroupConfig
    main.o(i.main) refers to delay.o(i.delay_init) for delay_init
    main.o(i.main) refers to key.o(i.KEY_Init) for KEY_Init
    main.o(i.main) refers to usart.o(i.uart_init) for uart_init
    main.o(i.main) refers to usart.o(i.uart2_init) for uart2_init
    main.o(i.main) refers to timer.o(i.time2_init) for time2_init
    main.o(i.main) refers to usart.o(i.DMA_USART2_Configuration) for DMA_USART2_Configuration
    stm32f10x_it.o(i.SysTick_Handler) refers to delay.o(.data) for Delay_ms_Cnt
    stm32f10x_it.o(i.SysTick_Handler) refers to stm32f10x_it.o(.data) for Power_Ctrl_Cnt
    system_stm32f10x.o(i.SetSysClock) refers to system_stm32f10x.o(i.SetSysClockTo72) for SetSysClockTo72
    system_stm32f10x.o(i.SystemCoreClockUpdate) refers to system_stm32f10x.o(.data) for SystemCoreClock
    system_stm32f10x.o(i.SystemInit) refers to system_stm32f10x.o(i.SetSysClock) for SetSysClock
    key.o(i.ADC_Configuration) refers to stm32f10x_dma.o(i.DMA_DeInit) for DMA_DeInit
    key.o(i.ADC_Configuration) refers to stm32f10x_dma.o(i.DMA_Init) for DMA_Init
    key.o(i.ADC_Configuration) refers to stm32f10x_dma.o(i.DMA_Cmd) for DMA_Cmd
    key.o(i.ADC_Configuration) refers to stm32f10x_adc.o(i.ADC_Init) for ADC_Init
    key.o(i.ADC_Configuration) refers to stm32f10x_adc.o(i.ADC_RegularChannelConfig) for ADC_RegularChannelConfig
    key.o(i.ADC_Configuration) refers to stm32f10x_adc.o(i.ADC_DMACmd) for ADC_DMACmd
    key.o(i.ADC_Configuration) refers to stm32f10x_adc.o(i.ADC_Cmd) for ADC_Cmd
    key.o(i.ADC_Configuration) refers to stm32f10x_adc.o(i.ADC_ResetCalibration) for ADC_ResetCalibration
    key.o(i.ADC_Configuration) refers to stm32f10x_adc.o(i.ADC_GetResetCalibrationStatus) for ADC_GetResetCalibrationStatus
    key.o(i.ADC_Configuration) refers to stm32f10x_adc.o(i.ADC_StartCalibration) for ADC_StartCalibration
    key.o(i.ADC_Configuration) refers to stm32f10x_adc.o(i.ADC_GetCalibrationStatus) for ADC_GetCalibrationStatus
    key.o(i.ADC_Configuration) refers to stm32f10x_adc.o(i.ADC_SoftwareStartConvCmd) for ADC_SoftwareStartConvCmd
    key.o(i.ADC_Configuration) refers to key.o(.bss) for ADC_ConvertedValue
    key.o(i.KEY_Init) refers to stm32f10x_rcc.o(i.RCC_AHBPeriphClockCmd) for RCC_AHBPeriphClockCmd
    key.o(i.KEY_Init) refers to stm32f10x_gpio.o(i.GPIO_PinRemapConfig) for GPIO_PinRemapConfig
    key.o(i.KEY_Init) refers to stm32f10x_rcc.o(i.RCC_APB2PeriphClockCmd) for RCC_APB2PeriphClockCmd
    key.o(i.KEY_Init) refers to stm32f10x_gpio.o(i.GPIO_Init) for GPIO_Init
    key.o(i.KEY_Init) refers to stm32f10x_gpio.o(i.GPIO_SetBits) for GPIO_SetBits
    key.o(i.KEY_Init) refers to stm32f10x_gpio.o(i.GPIO_ResetBits) for GPIO_ResetBits
    key.o(i.KEY_Scan) refers to delay.o(i.delay_ms) for delay_ms
    key.o(i.KEY_Scan) refers to key.o(.data) for key_up
    key.o(i.KeyScan) refers to key.o(.data) for KeyUpCount
    key.o(i.led_Ring_Only_One) refers to stm32f10x_gpio.o(i.GPIO_ResetBits) for GPIO_ResetBits
    key.o(i.led_Ring_Only_One) refers to stm32f10x_gpio.o(i.GPIO_SetBits) for GPIO_SetBits
    key.o(i.led_Ring_Only_One) refers to key.o(.data) for gOpenledFlag
    can.o(i.CAN_Mode_Init) refers to stm32f10x_rcc.o(i.RCC_APB2PeriphClockCmd) for RCC_APB2PeriphClockCmd
    can.o(i.CAN_Mode_Init) refers to stm32f10x_rcc.o(i.RCC_APB1PeriphClockCmd) for RCC_APB1PeriphClockCmd
    can.o(i.CAN_Mode_Init) refers to stm32f10x_gpio.o(i.GPIO_Init) for GPIO_Init
    can.o(i.CAN_Mode_Init) refers to stm32f10x_gpio.o(i.GPIO_PinRemapConfig) for GPIO_PinRemapConfig
    can.o(i.CAN_Mode_Init) refers to stm32f10x_can.o(i.CAN_Init) for CAN_Init
    can.o(i.CAN_Mode_Init) refers to stm32f10x_can.o(i.CAN_FilterInit) for CAN_FilterInit
    can.o(i.CAN_Mode_Init) refers to stm32f10x_can.o(i.CAN_ITConfig) for CAN_ITConfig
    can.o(i.CAN_Mode_Init) refers to misc.o(i.NVIC_Init) for NVIC_Init
    can.o(i.Can_Receive_Msg) refers to stm32f10x_can.o(i.CAN_MessagePending) for CAN_MessagePending
    can.o(i.Can_Receive_Msg) refers to stm32f10x_can.o(i.CAN_Receive) for CAN_Receive
    can.o(i.Can_Send_LastDeliverResult) refers to stm32f10x_can.o(i.CAN_Transmit) for CAN_Transmit
    can.o(i.Can_Send_LastDeliverResult) refers to stm32f10x_can.o(i.CAN_TransmitStatus) for CAN_TransmitStatus
    can.o(i.Can_Send_LastDeliverResult) refers to key.o(.data) for TrainBasketID
    can.o(i.Can_Send_LastDeliverResult) refers to app.o(.data) for LastDeliverResult_Flag
    can.o(i.Can_Send_LastDeliverResult) refers to motor.o(.data) for BasketErrorFlag
    can.o(i.Can_Send_LastDeliverResult) refers to exti.o(.data) for PocketCount
    can.o(i.Can_Send_Msg) refers to stm32f10x_can.o(i.CAN_Transmit) for CAN_Transmit
[...]
    Removing stm32f10x_dbgmcu.o(i.DBGMCU_GetDEVID), (16 bytes).
    Removing stm32f10x_dbgmcu.o(i.DBGMCU_GetREVID), (12 bytes).
    Removing stm32f10x_flash.o(i.FLASH_ClearFlag), (12 bytes).
    Removing stm32f10x_flash.o(i.FLASH_EnableWriteProtection), (196 bytes).
    Removing stm32f10x_flash.o(i.FLASH_EraseAllBank1Pages), (72 bytes).
    Removing stm32f10x_flash.o(i.FLASH_EraseAllPages), (72 bytes).
    Removing stm32f10x_flash.o(i.FLASH_EraseOptionBytes), (168 bytes).
    Removing stm32f10x_flash.o(i.FLASH_ErasePage), (76 bytes).
    Removing stm32f10x_flash.o(i.FLASH_GetBank1Status), (52 bytes).
    Removing stm32f10x_flash.o(i.FLASH_GetFlagStatus), (48 bytes).
    Removing stm32f10x_flash.o(i.FLASH_GetPrefetchBufferStatus), (24 bytes).
    Removing stm32f10x_flash.o(i.FLASH_GetReadOutProtectionStatus), (24 bytes).
    Removing stm32f10x_flash.o(i.FLASH_GetStatus), (52 bytes).
    Removing stm32f10x_flash.o(i.FLASH_GetUserOptionByte), (12 bytes).
    Removing stm32f10x_flash.o(i.FLASH_GetWriteProtectionOptionByte), (12 bytes).
    Removing stm32f10x_flash.o(i.FLASH_HalfCycleAccessCmd), (28 bytes).
    Removing stm32f10x_flash.o(i.FLASH_ITConfig), (32 bytes).
    Removing stm32f10x_flash.o(i.FLASH_Lock), (20 bytes).
    Removing stm32f10x_flash.o(i.FLASH_LockBank1), (20 bytes).
    Removing stm32f10x_flash.o(i.FLASH_PrefetchBufferCmd), (28 bytes).
    Removing stm32f10x_flash.o(i.FLASH_ProgramHalfWord), (64 bytes).
    Removing stm32f10x_flash.o(i.FLASH_ProgramOptionByteData), (84 bytes).
    Removing stm32f10x_flash.o(i.FLASH_ProgramWord), (108 bytes).
    Removing stm32f10x_flash.o(i.FLASH_ReadOutProtection), (172 bytes).
    Removing stm32f10x_flash.o(i.FLASH_SetLatency), (24 bytes).
    Removing stm32f10x_flash.o(i.FLASH_Unlock), (24 bytes).
    Removing stm32f10x_flash.o(i.FLASH_UnlockBank1), (24 bytes).
    Removing stm32f10x_flash.o(i.FLASH_UserOptionByteConfig), (104 bytes).
    Removing stm32f10x_flash.o(i.FLASH_WaitForLastBank1Operation), (38 bytes).
    Removing stm32f10x_flash.o(i.FLASH_WaitForLastOperation), (38 bytes).
    Removing stm32f10x_i2c.o(i.I2C_ARPCmd), (24 bytes).
    Removing stm32f10x_i2c.o(i.I2C_AcknowledgeConfig), (24 bytes).
    Removing stm32f10x_i2c.o(i.I2C_CalculatePEC), (24 bytes).
    Removing stm32f10x_i2c.o(i.I2C_CheckEvent), (42 bytes).
    Removing stm32f10x_i2c.o(i.I2C_ClearFlag), (12 bytes).
    Removing stm32f10x_i2c.o(i.I2C_ClearITPendingBit), (12 bytes).
    Removing stm32f10x_i2c.o(i.I2C_Cmd), (24 bytes).
    Removing stm32f10x_i2c.o(i.I2C_DMACmd), (24 bytes).
    Removing stm32f10x_i2c.o(i.I2C_DMALastTransferCmd), (24 bytes).
    Removing stm32f10x_i2c.o(i.I2C_DeInit), (56 bytes).
    Removing stm32f10x_i2c.o(i.I2C_DualAddressCmd), (24 bytes).
    Removing stm32f10x_i2c.o(i.I2C_FastModeDutyCycleConfig), (28 bytes).
    Removing stm32f10x_i2c.o(i.I2C_GeneralCallCmd), (24 bytes).
    Removing stm32f10x_i2c.o(i.I2C_GenerateSTART), (24 bytes).
    Removing stm32f10x_i2c.o(i.I2C_GenerateSTOP), (24 bytes).
    Removing stm32f10x_i2c.o(i.I2C_GetFlagStatus), (58 bytes).
    Removing stm32f10x_i2c.o(i.I2C_GetITStatus), (38 bytes).
    Removing stm32f10x_i2c.o(i.I2C_GetLastEvent), (26 bytes).
    Removing stm32f10x_i2c.o(i.I2C_GetPEC), (8 bytes).
    Removing stm32f10x_i2c.o(i.I2C_ITConfig), (18 bytes).
    Removing stm32f10x_i2c.o(i.I2C_Init), (236 bytes).
    Removing stm32f10x_i2c.o(i.I2C_NACKPositionConfig), (28 bytes).
    Removing stm32f10x_i2c.o(i.I2C_OwnAddress2Config), (22 bytes).
    Removing stm32f10x_i2c.o(i.I2C_PECPositionConfig), (28 bytes).
    Removing stm32f10x_i2c.o(i.I2C_ReadRegister), (22 bytes).
    Removing stm32f10x_i2c.o(i.I2C_ReceiveData), (8 bytes).
    Removing stm32f10x_i2c.o(i.I2C_SMBusAlertConfig), (28 bytes).
    Removing stm32f10x_i2c.o(i.I2C_Send7bitAddress), (18 bytes).
    Removing stm32f10x_i2c.o(i.I2C_SendData), (4 bytes).
    Removing stm32f10x_i2c.o(i.I2C_SoftwareResetCmd), (22 bytes).
    Removing stm32f10x_i2c.o(i.I2C_StretchClockCmd), (24 bytes).
    Removing stm32f10x_i2c.o(i.I2C_StructInit), (30 bytes).
    Removing stm32f10x_i2c.o(i.I2C_TransmitPEC), (24 bytes).
    Removing stm32f10x_iwdg.o(i.IWDG_Enable), (16 bytes).
    Removing stm32f10x_iwdg.o(i.IWDG_GetFlagStatus), (24 bytes).
    Removing stm32f10x_iwdg.o(i.IWDG_ReloadCounter), (16 bytes).
    Removing stm32f10x_iwdg.o(i.IWDG_SetPrescaler), (12 bytes).
    Removing stm32f10x_iwdg.o(i.IWDG_SetReload), (12 bytes).
    Removing stm32f10x_iwdg.o(i.IWDG_WriteAccessCmd), (12 bytes).
    Removing stm32f10x_rtc.o(i.RTC_ClearFlag), (16 bytes).
    Removing stm32f10x_rtc.o(i.RTC_ClearITPendingBit), (16 bytes).
    Removing stm32f10x_rtc.o(i.RTC_EnterConfigMode), (20 bytes).
    Removing stm32f10x_rtc.o(i.RTC_ExitConfigMode), (20 bytes).
    Removing stm32f10x_rtc.o(i.RTC_GetCounter), (20 bytes).
    Removing stm32f10x_rtc.o(i.RTC_GetDivider), (24 bytes).
    Removing stm32f10x_rtc.o(i.RTC_GetFlagStatus), (24 bytes).
    Removing stm32f10x_rtc.o(i.RTC_GetITStatus), (36 bytes).
    Removing stm32f10x_rtc.o(i.RTC_ITConfig), (32 bytes).
    Removing stm32f10x_rtc.o(i.RTC_SetAlarm), (28 bytes).
    Removing stm32f10x_rtc.o(i.RTC_SetCounter), (28 bytes).
    Removing stm32f10x_rtc.o(i.RTC_SetPrescaler), (32 bytes).
    Removing stm32f10x_rtc.o(i.RTC_WaitForLastTask), (20 bytes).
    Removing stm32f10x_rtc.o(i.RTC_WaitForSynchro), (36 bytes).
    Removing stm32f10x_sdio.o(i.SDIO_CEATAITCmd), (16 bytes).
    Removing stm32f10x_sdio.o(i.SDIO_ClearFlag), (12 bytes).
    Removing stm32f10x_sdio.o(i.SDIO_ClearITPendingBit), (12 bytes).
    Removing stm32f10x_sdio.o(i.SDIO_ClockCmd), (12 bytes).
    Removing stm32f10x_sdio.o(i.SDIO_CmdStructInit), (14 bytes).
    Removing stm32f10x_sdio.o(i.SDIO_CommandCompletionCmd), (12 bytes).
    Removing stm32f10x_sdio.o(i.SDIO_DMACmd), (12 bytes).
    Removing stm32f10x_sdio.o(i.SDIO_DataConfig), (48 bytes).
    Removing stm32f10x_sdio.o(i.SDIO_DataStructInit), (20 bytes).
    Removing stm32f10x_sdio.o(i.SDIO_DeInit), (36 bytes).
    Removing stm32f10x_sdio.o(i.SDIO_GetCommandResponse), (12 bytes).
    Removing stm32f10x_sdio.o(i.SDIO_GetDataCounter), (12 bytes).
    Removing stm32f10x_sdio.o(i.SDIO_GetFIFOCount), (12 bytes).
    Removing stm32f10x_sdio.o(i.SDIO_GetFlagStatus), (24 bytes).
    Removing stm32f10x_sdio.o(i.SDIO_GetITStatus), (24 bytes).
    Removing stm32f10x_sdio.o(i.SDIO_GetPowerState), (16 bytes).
    Removing stm32f10x_sdio.o(i.SDIO_GetResponse), (24 bytes).
    Removing stm32f10x_sdio.o(i.SDIO_ITConfig), (32 bytes).
    Removing stm32f10x_sdio.o(i.SDIO_Init), (48 bytes).
    Removing stm32f10x_sdio.o(i.SDIO_ReadData), (12 bytes).
    Removing stm32f10x_sdio.o(i.SDIO_SendCEATACmd), (12 bytes).
    Removing stm32f10x_sdio.o(i.SDIO_SendCommand), (44 bytes).
    Removing stm32f10x_sdio.o(i.SDIO_SendSDIOSuspendCmd), (12 bytes).
    Removing stm32f10x_sdio.o(i.SDIO_SetPowerState), (28 bytes).
    Removing stm32f10x_sdio.o(i.SDIO_SetSDIOOperation), (12 bytes).
    Removing stm32f10x_sdio.o(i.SDIO_SetSDIOReadWaitMode), (12 bytes).
    Removing stm32f10x_sdio.o(i.SDIO_StartSDIOReadWait), (12 bytes).
    Removing stm32f10x_sdio.o(i.SDIO_StopSDIOReadWait), (12 bytes).
    Removing stm32f10x_sdio.o(i.SDIO_StructInit), (16 bytes).
    Removing stm32f10x_sdio.o(i.SDIO_WriteData), (12 bytes).

576 unused section(s) (total 33878 bytes) removed from the image.

==============================================================================

Image Symbol Table

    Local Symbols

    Symbol Name                              Value     Ov Type        Size  Object(Section)

    ../clib/angel/boardlib.s                 0x00000000   Number         0  boardinit2.o ABSOLUTE
    ../clib/angel/boardlib.s                 0x00000000   Number         0  boardshut.o ABSOLUTE
    ../clib/angel/boardlib.s                 0x00000000   Number         0  boardinit1.o ABSOLUTE
    ../clib/angel/boardlib.s                 0x00000000   Number         0  boardinit3.o ABSOLUTE
    ../clib/angel/dczerorl.s                 0x00000000   Number         0  __dczerorl.o ABSOLUTE
    ../clib/angel/handlers.s                 0x00000000   Number         0  __scatter_zi.o ABSOLUTE
    ../clib/angel/kernel.s                   0x00000000   Number         0  rtexit.o ABSOLUTE
    ../clib/angel/kernel.s                   0x00000000   Number         0  __rtentry4.o ABSOLUTE
    ../clib/angel/kernel.s                   0x00000000   Number         0  rtexit2.o ABSOLUTE
    ../clib/angel/kernel.s                   0x00000000   Number         0  __rtentry2.o ABSOLUTE
    ../clib/angel/kernel.s                   0x00000000   Number         0  __rtentry.o ABSOLUTE
    ../clib/angel/rt.s                       0x00000000   Number         0  rt_raise.o ABSOLUTE
    ../clib/angel/scatter.s                  0x00000000   Number         0  __scatter.o ABSOLUTE
    ../clib/angel/startup.s                  0x00000000   Number         0  __main.o ABSOLUTE
    ../clib/angel/sys.s                      0x00000000   Number         0  use_no_semi_2.o ABSOLUTE
    ../clib/angel/sys.s                      0x00000000   Number         0  libspace.o ABSOLUTE
    ../clib/angel/sys.s                      0x00000000   Number         0  sys_stackheap_outer.o ABSOLUTE
    ../clib/angel/sys.s                      0x00000000   Number         0  use_no_semi.o ABSOLUTE
    ../clib/angel/sys.s                      0x00000000   Number         0  indicate_semi.o ABSOLUTE
    ../clib/angel/sysapp.c                   0x00000000   Number         0  sys_command.o ABSOLUTE
    ../clib/angel/sysapp.c                   0x00000000   Number         0  sys_wrch.o ABSOLUTE
    ../clib/armsys.c                         0x00000000   Number         0  no_argv.o ABSOLUTE
    ../clib/armsys.c                         0x00000000   Number         0  _get_argv_nomalloc.o ABSOLUTE
    ../clib/armsys.c                         0x00000000   Number         0  argv_veneer.o ABSOLUTE
    ../clib/armsys.c                         0x00000000   Number         0  argv_veneer.o ABSOLUTE
    ../clib/heapalloc.c                      0x00000000   Number         0  hrguard.o ABSOLUTE
    ../clib/heapaux.c                        0x00000000   Number         0  heapauxi.o ABSOLUTE
    ../clib/libinit.s                        0x00000000   Number         0  libinit2.o ABSOLUTE
    ../clib/libinit.s                        0x00000000   Number         0  libshutdown.o ABSOLUTE
    ../clib/libinit.s                        0x00000000   Number         0  libinit.o ABSOLUTE
    ../clib/libinit.s                        0x00000000   Number         0  libshutdown2.o ABSOLUTE
    ../clib/memcpset.s                       0x00000000   Number         0  rt_memcpy_v6.o ABSOLUTE
    ../clib/memcpset.s                       0x00000000   Number         0  rt_memclr.o ABSOLUTE
    ../clib/memcpset.s                       0x00000000   Number         0  rt_memcpy_w.o ABSOLUTE
    ../clib/memcpset.s                       0x00000000   Number         0  rt_memclr_w.o ABSOLUTE
    ../clib/signal.c                         0x00000000   Number         0  defsig_abrt_inner.o ABSOLUTE
    ../clib/signal.c                         0x00000000   Number         0  defsig_rtmem_formal.o ABSOLUTE
    ../clib/signal.c                         0x00000000   Number         0  defsig_rtmem_outer.o ABSOLUTE
    ../clib/signal.c                         0x00000000   Number         0  defsig_pvfn_inner.o ABSOLUTE
    ../clib/signal.c                         0x00000000   Number         0  defsig_other.o ABSOLUTE
    ../clib/signal.c                         0x00000000   Number         0  defsig_segv_inner.o ABSOLUTE
    ../clib/signal.c                         0x00000000   Number         0  defsig_cppl_inner.o ABSOLUTE
    ../clib/signal.c                         0x00000000   Number         0  defsig_stak_inner.o ABSOLUTE
    ../clib/signal.c                         0x00000000   Number         0  defsig_rtred_inner.o ABSOLUTE
    ../clib/signal.c                         0x00000000   Number         0  defsig_fpe_inner.o ABSOLUTE
    ../clib/signal.c                         0x00000000   Number         0  defsig_general.o ABSOLUTE
    ../clib/signal.c                         0x00000000   Number         0  __raise.o ABSOLUTE
    ../clib/signal.c                         0x00000000   Number         0  defsig_rtmem_inner.o ABSOLUTE
    ../clib/signal.c                         0x00000000   Number         0  defsig_exit.o ABSOLUTE
    ../clib/signal.s                         0x00000000   Number         0  defsig.o ABSOLUTE
    ../clib/stdlib.c                         0x00000000   Number         0  exit.o ABSOLUTE
    ../clib/string.c                         0x00000000   Number         0  strlen.o ABSOLUTE
    ../clib/string.c                         0x00000000   Number         0  strcpy.o ABSOLUTE
    ../fplib/faddsub.s                       0x00000000   Number         0  faddsub_clz.o ABSOLUTE
    ../fplib/fdiv.s                          0x00000000   Number         0  fdiv.o ABSOLUTE
    ../fplib/ffixu.s                         0x00000000   Number         0  ffixu.o ABSOLUTE
    ../fplib/fflt.s                          0x00000000   Number         0  fflt_clz.o ABSOLUTE
    ../fplib/fmul.s                          0x00000000   Number         0  fmul.o ABSOLUTE
    ../fplib/fnaninf.s                       0x00000000   Number         0  fnaninf.o ABSOLUTE
    ../fplib/fpinit.s                        0x00000000   Number         0  fpinit.o ABSOLUTE
    ../fplib/fretinf.s                       0x00000000   Number         0  fretinf.o ABSOLUTE
    ../fplib/usenofp.s                       0x00000000   Number         0  usenofp.o ABSOLUTE
    ..\CORE\core_cm3.c                       0x00000000   Number         0  core_cm3.o ABSOLUTE
    ..\CORE\startup_stm32f10x_md.s           0x00000000   Number         0  startup_stm32f10x_md.o ABSOLUTE
    ..\FWLIB\STM32F10x_FWLib\src\misc.c      0x00000000   Number         0  misc.o ABSOLUTE
    ..\FWLIB\STM32F10x_FWLib\src\stm32f10x_adc.c 0x00000000   Number         0  stm32f10x_adc.o ABSOLUTE
    ..\FWLIB\STM32F10x_FWLib\src\stm32f10x_bkp.c 0x00000000   Number         0  stm32f10x_bkp.o ABSOLUTE
    ..\FWLIB\STM32F10x_FWLib\src\stm32f10x_can.c 0x00000000   Number         0  stm32f10x_can.o ABSOLUTE
    ..\FWLIB\STM32F10x_FWLib\src\stm32f10x_cec.c 0x00000000   Number         0  stm32f10x_cec.o ABSOLUTE
    ..\FWLIB\STM32F10x_FWLib\src\stm32f10x_crc.c 0x00000000   Number         0  stm32f10x_crc.o ABSOLUTE
    ..\FWLIB\STM32F10x_FWLib\src\stm32f10x_dac.c 0x00000000   Number         0  stm32f10x_dac.o ABSOLUTE
    ..\FWLIB\STM32F10x_FWLib\src\stm32f10x_dbgmcu.c 0x00000000   Number         0  stm32f10x_dbgmcu.o ABSOLUTE
    ..\FWLIB\STM32F10x_FWLib\src\stm32f10x_dma.c 0x00000000   Number         0  stm32f10x_dma.o ABSOLUTE
    ..\FWLIB\STM32F10x_FWLib\src\stm32f10x_exti.c 0x00000000   Number         0  stm32f10x_exti.o ABSOLUTE
    ..\FWLIB\STM32F10x_FWLib\src\stm32f10x_flash.c 0x00000000   Number         0  stm32f10x_flash.o ABSOLUTE
    ..\FWLIB\STM32F10x_FWLib\src\stm32f10x_fsmc.c 0x00000000   Number         0  stm32f10x_fsmc.o ABSOLUTE
    ..\FWLIB\STM32F10x_FWLib\src\stm32f10x_gpio.c 0x00000000   Number         0  stm32f10x_gpio.o ABSOLUTE
    ..\FWLIB\STM32F10x_FWLib\src\stm32f10x_i2c.c 0x00000000   Number         0  stm32f10x_i2c.o ABSOLUTE
    ..\FWLIB\STM32F10x_FWLib\src\stm32f10x_iwdg.c 0x00000000   Number         0  stm32f10x_iwdg.o ABSOLUTE
    ..\FWLIB\STM32F10x_FWLib\src\stm32f10x_pwr.c 0x00000000   Number         0  stm32f10x_pwr.o ABSOLUTE
    ..\FWLIB\STM32F10x_FWLib\src\stm32f10x_rcc.c 0x00000000   Number         0  stm32f10x_rcc.o ABSOLUTE
    ..\FWLIB\STM32F10x_FWLib\src\stm32f10x_rtc.c 0x00000000   Number         0  stm32f10x_rtc.o ABSOLUTE
    ..\FWLIB\STM32F10x_FWLib\src\stm32f10x_sdio.c 0x00000000   Number         0  stm32f10x_sdio.o ABSOLUTE
    ..\FWLIB\STM32F10x_FWLib\src\stm32f10x_spi.c 0x00000000   Number         0  stm32f10x_spi.o ABSOLUTE
    ..\FWLIB\STM32F10x_FWLib\src\stm32f10x_tim.c 0x00000000   Number         0  stm32f10x_tim.o ABSOLUTE
    ..\FWLIB\STM32F10x_FWLib\src\stm32f10x_usart.c 0x00000000   Number         0  stm32f10x_usart.o ABSOLUTE
    ..\FWLIB\STM32F10x_FWLib\src\stm32f10x_wwdg.c 0x00000000   Number         0  stm32f10x_wwdg.o ABSOLUTE
    ..\HARDWARE\APP\AD.c                     0x00000000   Number         0  ad.o ABSOLUTE
    ..\HARDWARE\APP\BSP_eeprom.c             0x00000000   Number         0  bsp_eeprom.o ABSOLUTE
    ..\HARDWARE\APP\app.c                    0x00000000   Number         0  app.o ABSOLUTE
    ..\HARDWARE\APP\task.c                   0x00000000   Number         0  task.o ABSOLUTE
    ..\HARDWARE\CAN\SEGGER_RTT.c             0x00000000   Number         0  segger_rtt.o ABSOLUTE
    ..\HARDWARE\CAN\SEGGER_RTT_printf.c      0x00000000   Number         0  segger_rtt_printf.o ABSOLUTE
    ..\HARDWARE\CAN\can.c                    0x00000000   Number         0  can.o ABSOLUTE
    ..\HARDWARE\EXTI\exti.c                  0x00000000   Number         0  exti.o ABSOLUTE
    ..\HARDWARE\IAP_APP\iap_APP.c            0x00000000   Number         0  iap_app.o ABSOLUTE
    ..\HARDWARE\KEY\key.c                    0x00000000   Number         0  key.o ABSOLUTE
    ..\HARDWARE\OLED\oled.c                  0x00000000   Number         0  oled.o ABSOLUTE
    ..\HARDWARE\motor\motor.c                0x00000000   Number         0  motor.o ABSOLUTE
    ..\HARDWARE\timer\timer.c                0x00000000   Number         0  timer.o ABSOLUTE
    ..\SYSTEM\delay\delay.c                  0x00000000   Number         0  delay.o ABSOLUTE
    ..\SYSTEM\sys\sys.c                      0x00000000   Number         0  sys.o ABSOLUTE
    ..\SYSTEM\usart\usart.c                  0x00000000   Number         0  usart.o ABSOLUTE
    ..\\CORE\\core_cm3.c                     0x00000000   Number         0  core_cm3.o ABSOLUTE
    ..\\SYSTEM\\sys\\sys.c                   0x00000000   Number         0  sys.o ABSOLUTE
    dc.s                                     0x00000000   Number         0  dc.o ABSOLUTE
    main.c                                   0x00000000   Number         0  main.o ABSOLUTE
    stm32f10x_it.c                           0x00000000   Number         0  stm32f10x_it.o ABSOLUTE
    system_stm32f10x.c                       0x00000000   Number         0  system_stm32f10x.o ABSOLUTE
    RESET                                    0x08000000   Section      236  startup_stm32f10x_md.o(RESET)
    !!!main                                  0x080000ec   Section        8  __main.o(!!!main)
    !!!scatter                               0x080000f4   Section       52  __scatter.o(!!!scatter)
    !!dczerorl                               0x08000128   Section       58  __dczerorl.o(!!dczerorl)
    !!handler_zi                             0x08000164   Section       28  __scatter_zi.o(!!handler_zi)
    .ARM.Collect$$libinit$$00000000          0x08000180   Section        2  libinit.o(.ARM.Collect$$libinit$$00000000)
    .ARM.Collect$$libinit$$00000002          0x08000182   Section        0  libinit2.o(.ARM.Collect$$libinit$$00000002)
    .ARM.Collect$$libinit$$00000004          0x08000182   Section        0  libinit2.o(.ARM.Collect$$libinit$$00000004)
    .ARM.Collect$$libinit$$0000000A          0x08000182   Section        0  libinit2.o(.ARM.Collect$$libinit$$0000000A)
    .ARM.Collect$$libinit$$0000000C          0x08000182   Section        0  libinit2.o(.ARM.Collect$$libinit$$0000000C)
    .ARM.Collect$$libinit$$0000000E          0x08000182   Section        0  libinit2.o(.ARM.Collect$$libinit$$0000000E)
    .ARM.Collect$$libinit$$00000011          0x08000182   Section        0  libinit2.o(.ARM.Collect$$libinit$$00000011)
    .ARM.Collect$$libinit$$00000013          0x08000182   Section        0  libinit2.o(.ARM.Collect$$libinit$$00000013)
    .ARM.Collect$$libinit$$00000015          0x08000182   Section        0  libinit2.o(.ARM.Collect$$libinit$$00000015)
    .ARM.Collect$$libinit$$00000017          0x08000182   Section        0  libinit2.o(.ARM.Collect$$libinit$$00000017)
    .ARM.Collect$$libinit$$00000019          0x08000182   Section        0  libinit2.o(.ARM.Collect$$libinit$$00000019)
    .ARM.Collect$$libinit$$0000001B          0x08000182   Section        0  libinit2.o(.ARM.Collect$$libinit$$0000001B)
    .ARM.Collect$$libinit$$0000001D          0x08000182   Section        0  libinit2.o(.ARM.Collect$$libinit$$0000001D)
    .ARM.Collect$$libinit$$0000001F          0x08000182   Section        0  libinit2.o(.ARM.Collect$$libinit$$0000001F)
    .ARM.Collect$$libinit$$00000021          0x08000182   Section        0  libinit2.o(.ARM.Collect$$libinit$$00000021)
    .ARM.Collect$$libinit$$00000023          0x08000182   Section        0  libinit2.o(.ARM.Collect$$libinit$$00000023)
    .ARM.Collect$$libinit$$00000025          0x08000182   Section        0  libinit2.o(.ARM.Collect$$libinit$$00000025)
    .ARM.Collect$$libinit$$0000002C          0x08000182   Section        0  libinit2.o(.ARM.Collect$$libinit$$0000002C)
    .ARM.Collect$$libinit$$0000002E          0x08000182   Section        0  libinit2.o(.ARM.Collect$$libinit$$0000002E)
    .ARM.Collect$$libinit$$00000030          0x08000182   Section        0  libinit2.o(.ARM.Collect$$libinit$$00000030)
    .ARM.Collect$$libinit$$00000032          0x08000182   Section        0  libinit2.o(.ARM.Collect$$libinit$$00000032)
    .ARM.Collect$$libinit$$00000033          0x08000182   Section        2  libinit2.o(.ARM.Collect$$libinit$$00000033)
    .ARM.Collect$$libshutdown$$00000000      0x08000184   Section        2  libshutdown.o(.ARM.Collect$$libshutdown$$00000000)
    .ARM.Collect$$libshutdown$$00000002      0x08000186   Section        0  libshutdown2.o(.ARM.Collect$$libshutdown$$00000002)
    .ARM.Collect$$libshutdown$$00000004      0x08000186   Section        0  libshutdown2.o(.ARM.Collect$$libshutdown$$00000004)
    .ARM.Collect$$libshutdown$$00000007      0x08000186   Section        0  libshutdown2.o(.ARM.Collect$$libshutdown$$00000007)
    .ARM.Collect$$libshutdown$$0000000A      0x08000186   Section        0  libshutdown2.o(.ARM.Collect$$libshutdown$$0000000A)
    .ARM.Collect$$libshutdown$$0000000C      0x08000186   Section        0  libshutdown2.o(.ARM.Collect$$libshutdown$$0000000C)
    .ARM.Collect$$libshutdown$$0000000F      0x08000186   Section        0  libshutdown2.o(.ARM.Collect$$libshutdown$$0000000F)
    .ARM.Collect$$libshutdown$$00000010      0x08000186   Section        2  libshutdown2.o(.ARM.Collect$$libshutdown$$00000010)
    .ARM.Collect$$rtentry$$00000000          0x08000188   Section        0  __rtentry.o(.ARM.Collect$$rtentry$$00000000)
    .ARM.Collect$$rtentry$$00000002          0x08000188   Section        0  __rtentry2.o(.ARM.Collect$$rtentry$$00000002)
    .ARM.Collect$$rtentry$$00000004          0x08000188   Section        6  __rtentry4.o(.ARM.Collect$$rtentry$$00000004)
    .ARM.Collect$$rtentry$$00000009          0x0800018e   Section        0  __rtentry2.o(.ARM.Collect$$rtentry$$00000009)
    .ARM.Collect$$rtentry$$0000000A          0x0800018e   Section        4  __rtentry2.o(.ARM.Collect$$rtentry$$0000000A)
    .ARM.Collect$$rtentry$$0000000C          0x08000192   Section        0  __rtentry2.o(.ARM.Collect$$rtentry$$0000000C)
    .ARM.Collect$$rtentry$$0000000D          0x08000192   Section        8  __rtentry2.o(.ARM.Collect$$rtentry$$0000000D)
    .ARM.Collect$$rtexit$$00000000           0x0800019a   Section        2  rtexit.o(.ARM.Collect$$rtexit$$00000000)
    .ARM.Collect$$rtexit$$00000002           0x0800019c   Section        0  rtexit2.o(.ARM.Collect$$rtexit$$00000002)
    .ARM.Collect$$rtexit$$00000003           0x0800019c   Section        4  rtexit2.o(.ARM.Collect$$rtexit$$00000003)
    .ARM.Collect$$rtexit$$00000004           0x080001a0   Section        6  rtexit2.o(.ARM.Collect$$rtexit$$00000004)
    .text                                    0x080001a8   Section       64  startup_stm32f10x_md.o(.text)
    .text                                    0x080001e8   Section        2  use_no_semi_2.o(.text)
    .text                                    0x080001ea   Section       68  rt_memclr.o(.text)
    .text                                    0x0800022e   Section       78  rt_memclr_w.o(.text)
    .text                                    0x0800027c   Section        0  heapauxi.o(.text)
    .text                                    0x08000282   Section        2  use_no_semi.o(.text)
    .text                                    0x08000284   Section       74  sys_stackheap_outer.o(.text)
    .text                                    0x080002ce   Section        0  exit.o(.text)
    .text                                    0x080002e0   Section        8  libspace.o(.text)
    i.BusFault_Handler                       0x080002e8   Section        0  stm32f10x_it.o(i.BusFault_Handler)
    i.CAN_Receive                            0x080002ec   Section        0  stm32f10x_can.o(i.CAN_Receive)
    i.CAN_Transmit                           0x080003dc   Section        0  stm32f10x_can.o(i.CAN_Transmit)
    i.CAN_TransmitStatus                     0x08000504   Section        0  stm32f10x_can.o(i.CAN_TransmitStatus)
    i.CheckCarCanCmd                         0x080005a4   Section        0  app.o(i.CheckCarCanCmd)
    i.DMA1_Channel4_IRQHandler               0x08000e4c   Section        0  usart.o(i.DMA1_Channel4_IRQHandler)
    i.DMA1_Channel7_IRQHandler               0x08000e80   Section        0  usart.o(i.DMA1_Channel7_IRQHandler)
    i.DMA_ClearFlag                          0x08000eb4   Section        0  stm32f10x_dma.o(i.DMA_ClearFlag)
    i.DMA_Cmd                                0x08000ed0   Section        0  stm32f10x_dma.o(i.DMA_Cmd)
    i.DMA_DeInit                             0x08000ee8   Section        0  stm32f10x_dma.o(i.DMA_DeInit)
    i.DMA_GetITStatus                        0x08001034   Section        0  stm32f10x_dma.o(i.DMA_GetITStatus)
    i.DMA_ITConfig                           0x08001060   Section        0  stm32f10x_dma.o(i.DMA_ITConfig)
    i.DMA_Init                               0x08001072   Section        0  stm32f10x_dma.o(i.DMA_Init)
    i.DMA_USART2_Configuration               0x080010b0   Section        0  usart.o(i.DMA_USART2_Configuration)
    i.DebugMon_Handler                       0x08001184   Section        0  stm32f10x_it.o(i.DebugMon_Handler)
    i.EXTI15_10_IRQHandler                   0x08001186   Section        0  exti.o(i.EXTI15_10_IRQHandler)
    i.EXTI1_IRQHandler                       0x08001194   Section        0  exti.o(i.EXTI1_IRQHandler)
    i.EXTI4_IRQHandler                       0x0800121c   Section        0  exti.o(i.EXTI4_IRQHandler)
    i.EXTI_ClearITPendingBit                 0x08001228   Section        0  stm32f10x_exti.o(i.EXTI_ClearITPendingBit)
    i.EXTI_GetITStatus                       0x08001234   Section        0  stm32f10x_exti.o(i.EXTI_GetITStatus)
    i.GPIO_Init                              0x0800125c   Section        0  stm32f10x_gpio.o(i.GPIO_Init)
    i.GPIO_PinRemapConfig                    0x08001374   Section        0  stm32f10x_gpio.o(i.GPIO_PinRemapConfig)
    i.GPIO_ReadInputDataBit                  0x08001404   Section        0  stm32f10x_gpio.o(i.GPIO_ReadInputDataBit)
    i.GPIO_ResetBits                         0x08001416   Section        0  stm32f10x_gpio.o(i.GPIO_ResetBits)
    i.GPIO_SetBits                           0x0800141a   Section        0  stm32f10x_gpio.o(i.GPIO_SetBits)
    i.HardFault_Handler                      0x0800141e   Section        0  stm32f10x_it.o(i.HardFault_Handler)
    i.IAP_APP_CAN_ReStart                    0x08001424   Section        0  iap_app.o(i.IAP_APP_CAN_ReStart)
    i.IAP_Can_Send_Msg                       0x080014c4   Section        0  iap_app.o(i.IAP_Can_Send_Msg)
    IAP_Can_Send_Msg                         0x080014c5   Thumb Code   112  iap_app.o(i.IAP_Can_Send_Msg)
    i.IAP_Send_Device_ino                    0x08001538   Section        0  iap_app.o(i.IAP_Send_Device_ino)
    i.KEY_Init                               0x0800154c   Section        0  key.o(i.KEY_Init)
    i.KEY_Scan                               0x080016d8   Section        0  key.o(i.KEY_Scan)
    i.MemManage_Handler                      0x08001720   Section        0  stm32f10x_it.o(i.MemManage_Handler)
    i.NMI_Handler                            0x08001724   Section        0  stm32f10x_it.o(i.NMI_Handler)
    i.NVIC_Init                              0x08001728   Section        0  misc.o(i.NVIC_Init)
    i.NVIC_PriorityGroupConfig               0x08001798   Section        0  misc.o(i.NVIC_PriorityGroupConfig)
    i.PendSV_Handler                         0x080017ac   Section        0  stm32f10x_it.o(i.PendSV_Handler)
    i.RCC_AHBPeriphClockCmd                  0x080017b0   Section        0  stm32f10x_rcc.o(i.RCC_AHBPeriphClockCmd)
    i.RCC_APB1PeriphClockCmd                 0x080017d0   Section        0  stm32f10x_rcc.o(i.RCC_APB1PeriphClockCmd)
    i.RCC_APB1PeriphResetCmd                 0x080017f0   Section        0  stm32f10x_rcc.o(i.RCC_APB1PeriphResetCmd)
    i.RCC_APB2PeriphClockCmd                 0x08001810   Section        0  stm32f10x_rcc.o(i.RCC_APB2PeriphClockCmd)
    i.RCC_APB2PeriphResetCmd                 0x08001830   Section        0  stm32f10x_rcc.o(i.RCC_APB2PeriphResetCmd)
    i.RCC_GetClocksFreq                      0x08001850   Section        0  stm32f10x_rcc.o(i.RCC_GetClocksFreq)
    i.SVC_Handler                            0x08001924   Section        0  stm32f10x_it.o(i.SVC_Handler)
    i.SaveData                               0x08001928   Section        0  can.o(i.SaveData)
    i.Send_response                          0x08001964   Section        0  iap_app.o(i.Send_response)
    i.Serial2Data                            0x080019e4   Section        0  usart.o(i.Serial2Data)
    i.SetSysClock                            0x08001a34   Section        0  system_stm32f10x.o(i.SetSysClock)
    SetSysClock                              0x08001a35   Thumb Code     8  system_stm32f10x.o(i.SetSysClock)
    i.SetSysClockTo72                        0x08001a3c   Section        0  system_stm32f10x.o(i.SetSysClockTo72)
    SetSysClockTo72                          0x08001a3d   Thumb Code   214  system_stm32f10x.o(i.SetSysClockTo72)
    i.SysTick_CLKSourceConfig                0x08001b1c   Section        0  misc.o(i.SysTick_CLKSourceConfig)
    i.SysTick_Handler                        0x08001b44   Section        0  stm32f10x_it.o(i.SysTick_Handler)
    i.SystemInit                             0x08001ba4   Section        0  system_stm32f10x.o(i.SystemInit)
    i.TIM2_IRQHandler                        0x08001c04   Section        0  task.o(i.TIM2_IRQHandler)
    i.TIM_ClearFlag                          0x08001c14   Section        0  stm32f10x_tim.o(i.TIM_ClearFlag)
    i.TIM_Cmd                                0x08001c1a   Section        0  stm32f10x_tim.o(i.TIM_Cmd)
    i.TIM_GetFlagStatus                      0x08001c32   Section        0  stm32f10x_tim.o(i.TIM_GetFlagStatus)
    i.TIM_ITConfig                           0x08001c44   Section        0  stm32f10x_tim.o(i.TIM_ITConfig)
    i.TIM_TimeBaseInit                       0x08001c58   Section        0  stm32f10x_tim.o(i.TIM_TimeBaseInit)
    i.USART1_IRQHandler                      0x08001cfc   Section        0  usart.o(i.USART1_IRQHandler)
    i.USART2_IRQHandler                      0x08001d90   Section        0  usart.o(i.USART2_IRQHandler)
    i.USART_ClearFlag                        0x08001e38   Section        0  stm32f10x_usart.o(i.USART_ClearFlag)
    i.USART_Cmd                              0x08001e4a   Section        0  stm32f10x_usart.o(i.USART_Cmd)
    i.USART_DeInit                           0x08001e64   Section        0  stm32f10x_usart.o(i.USART_DeInit)
    i.USART_GetFlagStatus                    0x08001f00   Section        0  stm32f10x_usart.o(i.USART_GetFlagStatus)
    i.USART_GetITStatus                      0x08001f1a   Section        0  stm32f10x_usart.o(i.USART_GetITStatus)
    i.USART_ITConfig                         0x08001f6e   Section        0  stm32f10x_usart.o(i.USART_ITConfig)
    i.USART_Init                             0x08001fb8   Section        0  stm32f10x_usart.o(i.USART_Init)
    i.USART_ReceiveData                      0x08002090   Section        0  stm32f10x_usart.o(i.USART_ReceiveData)
    i.USART_SendData                         0x0800209a   Section        0  stm32f10x_usart.o(i.USART_SendData)
    i.USB_LP_CAN1_RX0_IRQHandler             0x080020a4   Section        0  can.o(i.USB_LP_CAN1_RX0_IRQHandler)
    i.UsageFault_Handler                     0x080020ec   Section        0  stm32f10x_it.o(i.UsageFault_Handler)
    i._sys_exit                              0x080020f0   Section        0  usart.o(i._sys_exit)
    i.delay_init                             0x080020f4   Section        0  delay.o(i.delay_init)
    i.delay_ms                               0x08002138   Section        0  delay.o(i.delay_ms)
    i.main                                   0x08002184   Section        0  main.o(i.main)
    i.remote_control_command                 0x080021b8   Section        0  task.o(i.remote_control_command)
    i.systeam_ReStart                        0x080022fc   Section        0  iap_app.o(i.systeam_ReStart)
    i.time2_init                             0x0800233c   Section        0  timer.o(i.time2_init)
    i.u2_SendArray                           0x08002398   Section        0  usart.o(i.u2_SendArray)
    i.uart2_init                             0x080023b4   Section        0  usart.o(i.uart2_init)
    i.uart_init                              0x0800246c   Section        0  usart.o(i.uart_init)
    i.usart2_send                            0x0800250c   Section        0  usart.o(i.usart2_send)
    .data                                    0x20000000   Section        7  main.o(.data)
    .data                                    0x20000008   Section        6  stm32f10x_it.o(.data)
    .data                                    0x20000010   Section       20  system_stm32f10x.o(.data)
    .data                                    0x20000024   Section       11  key.o(.data)
    key_up                                   0x2000002e   Data           1  key.o(.data)
    .data                                    0x20000030   Section       12  can.o(.data)
    .data                                    0x2000003c   Section        6  iap_app.o(.data)
    .data                                    0x20000044   Section       33  motor.o(.data)
    .data                                    0x20000068   Section       26  exti.o(.data)
    .data                                    0x20000084   Section       82  app.o(.data)
    .data                                    0x200000d8   Section       32  task.o(.data)
    .data                                    0x200000f8   Section       23  delay.o(.data)
    fac_us                                   0x200000f8   Data           1  delay.o(.data)
    fac_ms                                   0x200000fa   Data           2  delay.o(.data)
    .data                                    0x20000110   Section       21  usart.o(.data)
    ucRxCnt                                  0x20000124   Data           1  usart.o(.data)
    .data                                    0x20000125   Section       20  stm32f10x_rcc.o(.data)
    APBAHBPrescTable                         0x20000125   Data          16  stm32f10x_rcc.o(.data)
    ADCPrescTable                            0x20000135   Data           4  stm32f10x_rcc.o(.data)
    .bss                                     0x2000013c   Section      100  can.o(.bss)
    .bss                                     0x200001a0   Section     2236  usart.o(.bss)
    ucRxBuffer                               0x20000962   Data         250  usart.o(.bss)
    .bss                                     0x20000a5c   Section       96  libspace.o(.bss)
    HEAP                                     0x20000ac0   Section     1024  startup_stm32f10x_md.o(HEAP)
    Heap_Mem                                 0x20000ac0   Data        1024  startup_stm32f10x_md.o(HEAP)
    STACK                                    0x20000ec0   Section     4096  startup_stm32f10x_md.o(STACK)
    Stack_Mem                                0x20000ec0   Data        4096  startup_stm32f10x_md.o(STACK)
    __initial_sp                             0x20001ec0   Data           0  startup_stm32f10x_md.o(STACK)

    Global Symbols

    Symbol Name                              Value     Ov Type        Size  Object(Section)

    BuildAttributes$$THM_ISAv4$P$D$K$B$S$PE$A:L22UL41UL21$X:L11$S22US41US21$IEEE1$IW$USESV6$~STKCKD$USESV7$~SHL$OSPACE$ROPI$EBA8$UX$STANDARDLIB$REQ8$PRES8$EABIv2 0x00000000   Number         0  anon$$obj.o ABSOLUTE
    __ARM_use_no_argv                        0x00000000   Number         0  main.o ABSOLUTE
    __ARM_exceptions_init                     - Undefined Weak Reference
    __alloca_initialize                       - Undefined Weak Reference
    __arm_preinit_                            - Undefined Weak Reference
    __cpp_initialize__aeabi_                  - Undefined Weak Reference
    __cxa_finalize                            - Undefined Weak Reference
    __rt_locale                               - Undefined Weak Reference
    __sigvec_lookup                           - Undefined Weak Reference
    _atexit_init                              - Undefined Weak Reference
    _call_atexit_fns                          - Undefined Weak Reference
    _clock_init                               - Undefined Weak Reference
    _fp_trap_init                             - Undefined Weak Reference
    _fp_trap_shutdown                         - Undefined Weak Reference
    _get_lc_collate                           - Undefined Weak Reference
    _get_lc_ctype                             - Undefined Weak Reference
    _get_lc_monetary                          - Undefined Weak Reference
    _get_lc_numeric                           - Undefined Weak Reference
    _get_lc_time                              - Undefined Weak Reference
    _getenv_init                              - Undefined Weak Reference
    _handle_redirection                       - Undefined Weak Reference
    _init_alloc                               - Undefined Weak Reference
    _init_user_alloc                          - Undefined Weak Reference
    _initio                                   - Undefined Weak Reference
    _rand_init                                - Undefined Weak Reference
    _signal_finish                            - Undefined Weak Reference
    _signal_init                              - Undefined Weak Reference
    _terminate_alloc                          - Undefined Weak Reference
    _terminate_user_alloc                     - Undefined Weak Reference
    _terminateio                              - Undefined Weak Reference
    __Vectors_Size                           0x000000ec   Number         0  startup_stm32f10x_md.o ABSOLUTE
    __Vectors                                0x08000000   Data           4  startup_stm32f10x_md.o(RESET)
    __Vectors_End                            0x080000ec   Data           0  startup_stm32f10x_md.o(RESET)
    __main                                   0x080000ed   Thumb Code     8  __main.o(!!!main)
    __scatterload                            0x080000f5   Thumb Code     0  __scatter.o(!!!scatter)
    __scatterload_rt2                        0x080000f5   Thumb Code    44  __scatter.o(!!!scatter)
    __scatterload_rt2_thumb_only             0x080000f5   Thumb Code     0  __scatter.o(!!!scatter)
    __scatterload_null                       0x08000103   Thumb Code     0  __scatter.o(!!!scatter)
    __decompress                             0x08000129   Thumb Code    58  __dczerorl.o(!!dczerorl)
    __decompress0                            0x08000129   Thumb Code     0  __dczerorl.o(!!dczerorl)
    __scatterload_zeroinit                   0x08000165   Thumb Code    28  __scatter_zi.o(!!handler_zi)
    __rt_lib_init                            0x08000181   Thumb Code     0  libinit.o(.ARM.Collect$$libinit$$00000000)
    __rt_lib_init_alloca_1                   0x08000183   Thumb Code     0  libinit2.o(.ARM.Collect$$libinit$$0000002E)
    __rt_lib_init_argv_1                     0x08000183   Thumb Code     0  libinit2.o(.ARM.Collect$$libinit$$0000002C)
    __rt_lib_init_atexit_1                   0x08000183   Thumb Code     0  libinit2.o(.ARM.Collect$$libinit$$0000001B)
    __rt_lib_init_clock_1                    0x08000183   Thumb Code     0  libinit2.o(.ARM.Collect$$libinit$$00000021)
    __rt_lib_init_cpp_1                      0x08000183   Thumb Code     0  libinit2.o(.ARM.Collect$$libinit$$00000032)
    __rt_lib_init_exceptions_1               0x08000183   Thumb Code     0  libinit2.o(.ARM.Collect$$libinit$$00000030)
    __rt_lib_init_fp_1                       0x08000183   Thumb Code     0  libinit2.o(.ARM.Collect$$libinit$$00000002)
    __rt_lib_init_fp_trap_1                  0x08000183   Thumb Code     0  libinit2.o(.ARM.Collect$$libinit$$0000001F)
    __rt_lib_init_getenv_1                   0x08000183   Thumb Code     0  libinit2.o(.ARM.Collect$$libinit$$00000023)
    __rt_lib_init_heap_1                     0x08000183   Thumb Code     0  libinit2.o(.ARM.Collect$$libinit$$0000000A)
    __rt_lib_init_lc_collate_1               0x08000183   Thumb Code     0  libinit2.o(.ARM.Collect$$libinit$$00000011)
    __rt_lib_init_lc_ctype_1                 0x08000183   Thumb Code     0  libinit2.o(.ARM.Collect$$libinit$$00000013)
    __rt_lib_init_lc_monetary_1              0x08000183   Thumb Code     0  libinit2.o(.ARM.Collect$$libinit$$00000015)
    __rt_lib_init_lc_numeric_1               0x08000183   Thumb Code     0  libinit2.o(.ARM.Collect$$libinit$$00000017)
    __rt_lib_init_lc_time_1                  0x08000183   Thumb Code     0  libinit2.o(.ARM.Collect$$libinit$$00000019)
    __rt_lib_init_preinit_1                  0x08000183   Thumb Code     0  libinit2.o(.ARM.Collect$$libinit$$00000004)
    __rt_lib_init_rand_1                     0x08000183   Thumb Code     0  libinit2.o(.ARM.Collect$$libinit$$0000000E)
    __rt_lib_init_return                     0x08000183   Thumb Code     0  libinit2.o(.ARM.Collect$$libinit$$00000033)
    __rt_lib_init_signal_1                   0x08000183   Thumb Code     0  libinit2.o(.ARM.Collect$$libinit$$0000001D)
    __rt_lib_init_stdio_1                    0x08000183   Thumb Code     0  libinit2.o(.ARM.Collect$$libinit$$00000025)
    __rt_lib_init_user_alloc_1               0x08000183   Thumb Code     0  libinit2.o(.ARM.Collect$$libinit$$0000000C)
    __rt_lib_shutdown                        0x08000185   Thumb Code     0  libshutdown.o(.ARM.Collect$$libshutdown$$00000000)
    __rt_lib_shutdown_cpp_1                  0x08000187   Thumb Code     0  libshutdown2.o(.ARM.Collect$$libshutdown$$00000002)
    __rt_lib_shutdown_fp_trap_1              0x08000187   Thumb Code     0  libshutdown2.o(.ARM.Collect$$libshutdown$$00000007)
    __rt_lib_shutdown_heap_1                 0x08000187   Thumb Code     0  libshutdown2.o(.ARM.Collect$$libshutdown$$0000000F)
    __rt_lib_shutdown_return                 0x08000187   Thumb Code     0  libshutdown2.o(.ARM.Collect$$libshutdown$$00000010)
    __rt_lib_shutdown_signal_1               0x08000187   Thumb Code     0  libshutdown2.o(.ARM.Collect$$libshutdown$$0000000A)
    __rt_lib_shutdown_stdio_1                0x08000187   Thumb Code     0  libshutdown2.o(.ARM.Collect$$libshutdown$$00000004)
    __rt_lib_shutdown_user_alloc_1           0x08000187   Thumb Code     0  libshutdown2.o(.ARM.Collect$$libshutdown$$0000000C)
    __rt_entry                               0x08000189   Thumb Code     0  __rtentry.o(.ARM.Collect$$rtentry$$00000000)
    __rt_entry_presh_1                       0x08000189   Thumb Code     0  __rtentry2.o(.ARM.Collect$$rtentry$$00000002)
    __rt_entry_sh                            0x08000189   Thumb Code     0  __rtentry4.o(.ARM.Collect$$rtentry$$00000004)
    __rt_entry_li                            0x0800018f   Thumb Code     0  __rtentry2.o(.ARM.Collect$$rtentry$$0000000A)
    __rt_entry_postsh_1                      0x0800018f   Thumb Code     0  __rtentry2.o(.ARM.Collect$$rtentry$$00000009)
    __rt_entry_main                          0x08000193   Thumb Code     0  __rtentry2.o(.ARM.Collect$$rtentry$$0000000D)
    __rt_entry_postli_1                      0x08000193   Thumb Code     0  __rtentry2.o(.ARM.Collect$$rtentry$$0000000C)
    __rt_exit                                0x0800019b   Thumb Code     0  rtexit.o(.ARM.Collect$$rtexit$$00000000)
    __rt_exit_ls                             0x0800019d   Thumb Code     0  rtexit2.o(.ARM.Collect$$rtexit$$00000003)
    __rt_exit_prels_1                        0x0800019d   Thumb Code     0  rtexit2.o(.ARM.Collect$$rtexit$$00000002)
    __rt_exit_exit                           0x080001a1   Thumb Code     0  rtexit2.o(.ARM.Collect$$rtexit$$00000004)
    Reset_Handler                            0x080001a9   Thumb Code     8  startup_stm32f10x_md.o(.text)
    ADC1_2_IRQHandler                        0x080001c3   Thumb Code     0  startup_stm32f10x_md.o(.text)
    CAN1_RX1_IRQHandler                      0x080001c3   Thumb Code     0  startup_stm32f10x_md.o(.text)
    CAN1_SCE_IRQHandler                      0x080001c3   Thumb Code     0  startup_stm32f10x_md.o(.text)
    DMA1_Channel1_IRQHandler                 0x080001c3   Thumb Code     0  startup_stm32f10x_md.o(.text)
    DMA1_Channel2_IRQHandler                 0x080001c3   Thumb Code     0  startup_stm32f10x_md.o(.text)
    DMA1_Channel3_IRQHandler                 0x080001c3   Thumb Code     0  startup_stm32f10x_md.o(.text)
    DMA1_Channel5_IRQHandler                 0x080001c3   Thumb Code     0  startup_stm32f10x_md.o(.text)
    DMA1_Channel6_IRQHandler                 0x080001c3   Thumb Code     0  startup_stm32f10x_md.o(.text)
    EXTI0_IRQHandler                         0x080001c3   Thumb Code     0  startup_stm32f10x_md.o(.text)
    EXTI2_IRQHandler                         0x080001c3   Thumb Code     0  startup_stm32f10x_md.o(.text)
    EXTI3_IRQHandler                         0x080001c3   Thumb Code     0  startup_stm32f10x_md.o(.text)
    EXTI9_5_IRQHandler                       0x080001c3   Thumb Code     0  startup_stm32f10x_md.o(.text)
    FLASH_IRQHandler                         0x080001c3   Thumb Code     0  startup_stm32f10x_md.o(.text)
    I2C1_ER_IRQHandler                       0x080001c3   Thumb Code     0  startup_stm32f10x_md.o(.text)
    I2C1_EV_IRQHandler                       0x080001c3   Thumb Code     0  startup_stm32f10x_md.o(.text)
    I2C2_ER_IRQHandler                       0x080001c3   Thumb Code     0  startup_stm32f10x_md.o(.text)
    I2C2_EV_IRQHandler                       0x080001c3   Thumb Code     0  startup_stm32f10x_md.o(.text)
    PVD_IRQHandler                           0x080001c3   Thumb Code     0  startup_stm32f10x_md.o(.text)
    RCC_IRQHandler                           0x080001c3   Thumb Code     0  startup_stm32f10x_md.o(.text)
    RTCAlarm_IRQHandler                      0x080001c3   Thumb Code     0  startup_stm32f10x_md.o(.text)
    RTC_IRQHandler                           0x080001c3   Thumb Code     0  startup_stm32f10x_md.o(.text)
    SPI1_IRQHandler                          0x080001c3   Thumb Code     0  startup_stm32f10x_md.o(.text)
    SPI2_IRQHandler                          0x080001c3   Thumb Code     0  startup_stm32f10x_md.o(.text)
    TAMPER_IRQHandler                        0x080001c3   Thumb Code     0  startup_stm32f10x_md.o(.text)
    TIM1_BRK_IRQHandler                      0x080001c3   Thumb Code     0  startup_stm32f10x_md.o(.text)
    TIM1_CC_IRQHandler                       0x080001c3   Thumb Code     0  startup_stm32f10x_md.o(.text)
    TIM1_TRG_COM_IRQHandler                  0x080001c3   Thumb Code     0  startup_stm32f10x_md.o(.text)
    TIM1_UP_IRQHandler                       0x080001c3   Thumb Code     0  startup_stm32f10x_md.o(.text)
    TIM3_IRQHandler                          0x080001c3   Thumb Code     0  startup_stm32f10x_md.o(.text)
    TIM4_IRQHandler                          0x080001c3   Thumb Code     0  startup_stm32f10x_md.o(.text)
    USART3_IRQHandler                        0x080001c3   Thumb Code     0  startup_stm32f10x_md.o(.text)
    USBWakeUp_IRQHandler                     0x080001c3   Thumb Code     0  startup_stm32f10x_md.o(.text)
    USB_HP_CAN1_TX_IRQHandler                0x080001c3   Thumb Code     0  startup_stm32f10x_md.o(.text)
    WWDG_IRQHandler                          0x080001c3   Thumb Code     0  startup_stm32f10x_md.o(.text)
    __user_initial_stackheap                 0x080001c5   Thumb Code     0  startup_stm32f10x_md.o(.text)
    __use_no_semihosting                     0x080001e9   Thumb Code     2  use_no_semi_2.o(.text)
    __aeabi_memclr                           0x080001eb   Thumb Code     0  rt_memclr.o(.text)
    __rt_memclr                              0x080001eb   Thumb Code    68  rt_memclr.o(.text)
    _memset                                  0x080001ef   Thumb Code     0  rt_memclr.o(.text)
    __aeabi_memclr4                          0x0800022f   Thumb Code     0  rt_memclr_w.o(.text)
    __aeabi_memclr8                          0x0800022f   Thumb Code     0  rt_memclr_w.o(.text)
    __rt_memclr_w                            0x0800022f   Thumb Code    78  rt_memclr_w.o(.text)
    _memset_w                                0x08000233   Thumb Code     0  rt_memclr_w.o(.text)
    __use_two_region_memory                  0x0800027d   Thumb Code     2  heapauxi.o(.text)
    __rt_heap_escrow$2region                 0x0800027f   Thumb Code     2  heapauxi.o(.text)
    __rt_heap_expand$2region                 0x08000281   Thumb Code     2  heapauxi.o(.text)
    __I$use$semihosting                      0x08000283   Thumb Code     0  use_no_semi.o(.text)
    __use_no_semihosting_swi                 0x08000283   Thumb Code     2  use_no_semi.o(.text)
    __user_setup_stackheap                   0x08000285   Thumb Code    74  sys_stackheap_outer.o(.text)
    exit                                     0x080002cf   Thumb Code    18  exit.o(.text)
    __user_libspace                          0x080002e1   Thumb Code     8  libspace.o(.text)
    __user_perproc_libspace                  0x080002e1   Thumb Code     0  libspace.o(.text)
    __user_perthread_libspace                0x080002e1   Thumb Code     0  libspace.o(.text)
    BusFault_Handler                         0x080002e9   Thumb Code     4  stm32f10x_it.o(i.BusFault_Handler)
    CAN_Receive                              0x080002ed   Thumb Code   240  stm32f10x_can.o(i.CAN_Receive)
    CAN_Transmit                             0x080003dd   Thumb Code   294  stm32f10x_can.o(i.CAN_Transmit)
    CAN_TransmitStatus                       0x08000505   Thumb Code   138  stm32f10x_can.o(i.CAN_TransmitStatus)
    CheckCarCanCmd                           0x080005a5   Thumb Code  2108  app.o(i.CheckCarCanCmd)
    DMA1_Channel4_IRQHandler                 0x08000e4d   Thumb Code    42  usart.o(i.DMA1_Channel4_IRQHandler)
    DMA1_Channel7_IRQHandler                 0x08000e81   Thumb Code    42  usart.o(i.DMA1_Channel7_IRQHandler)
    DMA_ClearFlag                            0x08000eb5   Thumb Code    18  stm32f10x_dma.o(i.DMA_ClearFlag)
    DMA_Cmd                                  0x08000ed1   Thumb Code    24  stm32f10x_dma.o(i.DMA_Cmd)
    DMA_DeInit                               0x08000ee9   Thumb Code   324  stm32f10x_dma.o(i.DMA_DeInit)
    DMA_GetITStatus                          0x08001035   Thumb Code    36  stm32f10x_dma.o(i.DMA_GetITStatus)
    DMA_ITConfig                             0x08001061   Thumb Code    18  stm32f10x_dma.o(i.DMA_ITConfig)
    DMA_Init                                 0x08001073   Thumb Code    60  stm32f10x_dma.o(i.DMA_Init)
    DMA_USART2_Configuration                 0x080010b1   Thumb Code   194  usart.o(i.DMA_USART2_Configuration)
    DebugMon_Handler                         0x08001185   Thumb Code     2  stm32f10x_it.o(i.DebugMon_Handler)
    EXTI15_10_IRQHandler                     0x08001187   Thumb Code    12  exti.o(i.EXTI15_10_IRQHandler)
    EXTI1_IRQHandler                         0x08001195   Thumb Code   102  exti.o(i.EXTI1_IRQHandler)
    EXTI4_IRQHandler                         0x0800121d   Thumb Code    10  exti.o(i.EXTI4_IRQHandler)
    EXTI_ClearITPendingBit                   0x08001229   Thumb Code     6  stm32f10x_exti.o(i.EXTI_ClearITPendingBit)
    EXTI_GetITStatus                         0x08001235   Thumb Code    34  stm32f10x_exti.o(i.EXTI_GetITStatus)
    GPIO_Init                                0x0800125d   Thumb Code   278  stm32f10x_gpio.o(i.GPIO_Init)
    GPIO_PinRemapConfig                      0x08001375   Thumb Code   138  stm32f10x_gpio.o(i.GPIO_PinRemapConfig)
    GPIO_ReadInputDataBit                    0x08001405   Thumb Code    18  stm32f10x_gpio.o(i.GPIO_ReadInputDataBit)
    GPIO_ResetBits                           0x08001417   Thumb Code     4  stm32f10x_gpio.o(i.GPIO_ResetBits)
    GPIO_SetBits                             0x0800141b   Thumb Code     4  stm32f10x_gpio.o(i.GPIO_SetBits)
    HardFault_Handler                        0x0800141f   Thumb Code     4  stm32f10x_it.o(i.HardFault_Handler)
    IAP_APP_CAN_ReStart                      0x08001425   Thumb Code   152  iap_app.o(i.IAP_APP_CAN_ReStart)
    IAP_Send_Device_ino                      0x08001539   Thumb Code    20  iap_app.o(i.IAP_Send_Device_ino)
    KEY_Init                                 0x0800154d   Thumb Code   382  key.o(i.KEY_Init)
    KEY_Scan                                 0x080016d9   Thumb Code    62  key.o(i.KEY_Scan)
    MemManage_Handler                        0x08001721   Thumb Code     4  stm32f10x_it.o(i.MemManage_Handler)
    NMI_Handler                              0x08001725   Thumb Code     2  stm32f10x_it.o(i.NMI_Handler)
    NVIC_Init                                0x08001729   Thumb Code   100  misc.o(i.NVIC_Init)
    NVIC_PriorityGroupConfig                 0x08001799   Thumb Code    10  misc.o(i.NVIC_PriorityGroupConfig)
    PendSV_Handler                           0x080017ad   Thumb Code     2  stm32f10x_it.o(i.PendSV_Handler)
    RCC_AHBPeriphClockCmd                    0x080017b1   Thumb Code    26  stm32f10x_rcc.o(i.RCC_AHBPeriphClockCmd)
    RCC_APB1PeriphClockCmd                   0x080017d1   Thumb Code    26  stm32f10x_rcc.o(i.RCC_APB1PeriphClockCmd)
    RCC_APB1PeriphResetCmd                   0x080017f1   Thumb Code    26  stm32f10x_rcc.o(i.RCC_APB1PeriphResetCmd)
    RCC_APB2PeriphClockCmd                   0x08001811   Thumb Code    26  stm32f10x_rcc.o(i.RCC_APB2PeriphClockCmd)
    RCC_APB2PeriphResetCmd                   0x08001831   Thumb Code    26  stm32f10x_rcc.o(i.RCC_APB2PeriphResetCmd)
    RCC_GetClocksFreq                        0x08001851   Thumb Code   192  stm32f10x_rcc.o(i.RCC_GetClocksFreq)
    SVC_Handler                              0x08001925   Thumb Code     2  stm32f10x_it.o(i.SVC_Handler)
    SaveData                                 0x08001929   Thumb Code    46  can.o(i.SaveData)
    Send_response                            0x08001965   Thumb Code   114  iap_app.o(i.Send_response)
    Serial2Data                              0x080019e5   Thumb Code    68  usart.o(i.Serial2Data)
    SysTick_CLKSourceConfig                  0x08001b1d   Thumb Code    40  misc.o(i.SysTick_CLKSourceConfig)
    SysTick_Handler                          0x08001b45   Thumb Code    82  stm32f10x_it.o(i.SysTick_Handler)
    SystemInit                               0x08001ba5   Thumb Code    78  system_stm32f10x.o(i.SystemInit)
    TIM2_IRQHandler                          0x08001c05   Thumb Code    16  task.o(i.TIM2_IRQHandler)
    TIM_ClearFlag                            0x08001c15   Thumb Code     6  stm32f10x_tim.o(i.TIM_ClearFlag)
    TIM_Cmd                                  0x08001c1b   Thumb Code    24  stm32f10x_tim.o(i.TIM_Cmd)
    TIM_GetFlagStatus                        0x08001c33   Thumb Code    18  stm32f10x_tim.o(i.TIM_GetFlagStatus)
    TIM_ITConfig                             0x08001c45   Thumb Code    18  stm32f10x_tim.o(i.TIM_ITConfig)
    TIM_TimeBaseInit                         0x08001c59   Thumb Code   122  stm32f10x_tim.o(i.TIM_TimeBaseInit)
    USART1_IRQHandler                        0x08001cfd   Thumb Code   130  usart.o(i.USART1_IRQHandler)
    USART2_IRQHandler                        0x08001d91   Thumb Code   150  usart.o(i.USART2_IRQHandler)
    USART_ClearFlag                          0x08001e39   Thumb Code    18  stm32f10x_usart.o(i.USART_ClearFlag)
    USART_Cmd                                0x08001e4b   Thumb Code    24  stm32f10x_usart.o(i.USART_Cmd)
    USART_DeInit                             0x08001e65   Thumb Code   134  stm32f10x_usart.o(i.USART_DeInit)
    USART_GetFlagStatus                      0x08001f01   Thumb Code    26  stm32f10x_usart.o(i.USART_GetFlagStatus)
    USART_GetITStatus                        0x08001f1b   Thumb Code    84  stm32f10x_usart.o(i.USART_GetITStatus)
    USART_ITConfig                           0x08001f6f   Thumb Code    74  stm32f10x_usart.o(i.USART_ITConfig)
    USART_Init                               0x08001fb9   Thumb Code   210  stm32f10x_usart.o(i.USART_Init)
    USART_ReceiveData                        0x08002091   Thumb Code    10  stm32f10x_usart.o(i.USART_ReceiveData)
    USART_SendData                           0x0800209b   Thumb Code     8  stm32f10x_usart.o(i.USART_SendData)
    USB_LP_CAN1_RX0_IRQHandler               0x080020a5   Thumb Code    58  can.o(i.USB_LP_CAN1_RX0_IRQHandler)
    UsageFault_Handler                       0x080020ed   Thumb Code     4  stm32f10x_it.o(i.UsageFault_Handler)
    _sys_exit                                0x080020f1   Thumb Code     4  usart.o(i._sys_exit)
    delay_init                               0x080020f5   Thumb Code    50  delay.o(i.delay_init)
    delay_ms                                 0x08002139   Thumb Code    72  delay.o(i.delay_ms)
    main                                     0x08002185   Thumb Code    50  main.o(i.main)
    remote_control_command                   0x080021b9   Thumb Code   304  task.o(i.remote_control_command)
    systeam_ReStart                          0x080022fd   Thumb Code    54  iap_app.o(i.systeam_ReStart)
    time2_init                               0x0800233d   Thumb Code    92  timer.o(i.time2_init)
    u2_SendArray                             0x08002399   Thumb Code    26  usart.o(i.u2_SendArray)
    uart2_init                               0x080023b5   Thumb Code   174  usart.o(i.uart2_init)
    uart_init                                0x0800246d   Thumb Code   152  usart.o(i.uart_init)
    usart2_send                              0x0800250d   Thumb Code    36  usart.o(i.usart2_send)
    Region$$Table$$Base                      0x08002534   Number         0  anon$$obj.o(Region$$Table)
    Region$$Table$$Limit                     0x08002554   Number         0  anon$$obj.o(Region$$Table)
    key_flag                                 0x20000000   Data           1  main.o(.data)
    ert                                      0x20000001   Data           1  main.o(.data)
    qwe                                      0x20000002   Data           2  main.o(.data)
    delaynum1                                0x20000004   Data           1  main.o(.data)
    delaynum2                                0x20000005   Data           1  main.o(.data)
    InStionFlag                              0x20000006   Data           1  main.o(.data)
    Touch_Len_Cnt                            0x20000008   Data           4  stm32f10x_it.o(.data)
    Power_Ctrl_Cnt                           0x2000000c   Data           2  stm32f10x_it.o(.data)
    SystemCoreClock                          0x20000010   Data           4  system_stm32f10x.o(.data)
    AHBPrescTable                            0x20000014   Data          16  system_stm32f10x.o(.data)
    TrainBasketID                            0x20000024   Data           1  key.o(.data)
    KeyUpCount                               0x20000026   Data           2  key.o(.data)
    KeyValue                                 0x20000028   Data           1  key.o(.data)
    KeyUpFlag                                0x20000029   Data           1  key.o(.data)
    g_boma_Key_CANID                         0x2000002a   Data           1  key.o(.data)
    gOpenledFlag                             0x2000002b   Data           1  key.o(.data)
    f_20ms                                   0x2000002c   Data           2  key.o(.data)
    g_UT_CAN_ID                              0x20000030   Data           1  can.o(.data)
    Rxflag0                                  0x20000031   Data           1  can.o(.data)
    CAN_ID                                   0x20000034   Data           4  can.o(.data)
    CanLiveFlag                              0x20000038   Data           1  can.o(.data)
    CanDelayCheckCount                       0x2000003a   Data           2  can.o(.data)
    g_Lock_Code                              0x2000003c   Data           4  iap_app.o(.data)
    UpdateModoe                              0x20000040   Data           1  iap_app.o(.data)
    UpdataFlag                               0x20000041   Data           1  iap_app.o(.data)
    MOTOR1_CUR                               0x20000044   Data           4  motor.o(.data)
    MOTOR2_CUR                               0x20000048   Data           4  motor.o(.data)
    BasketStateH                             0x2000004c   Data           1  motor.o(.data)
    BasketStateQ                             0x2000004d   Data           1  motor.o(.data)
    BasketFlagH                              0x2000004e   Data           1  motor.o(.data)
    BasketFlagQ                              0x2000004f   Data           1  motor.o(.data)
    iii                                      0x20000050   Data           2  motor.o(.data)
    jjj                                      0x20000052   Data           2  motor.o(.data)
    iQ                                       0x20000054   Data           2  motor.o(.data)
    jQ                                       0x20000056   Data           2  motor.o(.data)
    iH                                       0x20000058   Data           2  motor.o(.data)
    jH                                       0x2000005a   Data           2  motor.o(.data)
    iQOP                                     0x2000005c   Data           2  motor.o(.data)
    jQOP                                     0x2000005e   Data           2  motor.o(.data)
    iHOP                                     0x20000060   Data           2  motor.o(.data)
    jHOP                                     0x20000062   Data           2  motor.o(.data)
    BasketErrorFlag                          0x20000064   Data           1  motor.o(.data)
    PocketCountQ                             0x20000068   Data           4  exti.o(.data)
    PocketCountH                             0x2000006c   Data           4  exti.o(.data)
    PocketCount                              0x20000070   Data           4  exti.o(.data)
    CageNumber                               0x20000074   Data           2  exti.o(.data)
    NFCNUM                                   0x20000078   Data           4  exti.o(.data)
    MFSW_Flag                                0x2000007c   Data           1  exti.o(.data)
    CheckDirction                            0x2000007d   Data           1  exti.o(.data)
    Q_GDSW_Flag                              0x2000007e   Data           1  exti.o(.data)
    H_GDSW_Flag                              0x2000007f   Data           1  exti.o(.data)
    H_GDSW_Flag_Count                        0x20000080   Data           1  exti.o(.data)
    test1                                    0x20000081   Data           1  exti.o(.data)
    LED_Display1                             0x20000084   Data           1  app.o(.data)
    LED_Display2                             0x20000085   Data           1  app.o(.data)
    LastDeliverResult_Flag                   0x20000086   Data           1  app.o(.data)
    Applictiao_ADDR_Flag                     0x20000087   Data           1  app.o(.data)
    ApplicFlag                               0x20000088   Data           1  app.o(.data)
    DeliverResultACKFlag                     0x2000008c   Data           4  app.o(.data)
    DeliverAddr                              0x20000090   Data           4  app.o(.data)
    LastDeliverResult                        0x20000094   Data           4  app.o(.data)
    DeliverTaskFlag                          0x20000098   Data           1  app.o(.data)
    EnableApplicationAddr                    0x20000099   Data           1  app.o(.data)
    HSpeedPocketNum                          0x2000009a   Data           2  app.o(.data)
    LSpeedPocketNum                          0x2000009c   Data           2  app.o(.data)
    CarSpeed                                 0x2000009e   Data           2  app.o(.data)
    DeliverMode                              0x200000a0   Data           1  app.o(.data)
    DeliverScussFlag                         0x200000a1   Data           1  app.o(.data)
    DeliverActionFlag                        0x200000a2   Data           1  app.o(.data)
    Pocket_A_Count                           0x200000a4   Data           2  app.o(.data)
    Pocket_A_CountOld                        0x200000a6   Data           2  app.o(.data)
    Pocket_A_CountNew                        0x200000a8   Data           2  app.o(.data)
    TrainStateOld                            0x200000aa   Data           1  app.o(.data)
    TrainStateNew                            0x200000ab   Data           1  app.o(.data)
    TrainState                               0x200000ac   Data           1  app.o(.data)
    SwitchCount1                             0x200000ae   Data           2  app.o(.data)
    SwitchFlag1                              0x200000b0   Data           1  app.o(.data)
    SetDateFlag                              0x200000b1   Data           1  app.o(.data)
    APPSendADDRFlag                          0x200000b4   Data           4  app.o(.data)
    OpendoorDelay                            0x200000b8   Data           2  app.o(.data)
    OpendoorDelayCount                       0x200000ba   Data           2  app.o(.data)
    OpendoorDelayFlag                        0x200000bc   Data           1  app.o(.data)
    PocketCaseNum                            0x200000c0   Data           4  app.o(.data)
    DisplayDelayCount                        0x200000c4   Data           2  app.o(.data)
    DisplayFlag                              0x200000c6   Data           1  app.o(.data)
    PulseMotor                               0x200000c8   Data           2  app.o(.data)
    PulseMotorOld                            0x200000ca   Data           2  app.o(.data)
    PulseMotorCount                          0x200000cc   Data           2  app.o(.data)
    CaseNum                                  0x200000ce   Data           2  app.o(.data)
    Pocket4                                  0x200000d0   Data           1  app.o(.data)
    TrainBasketMaxNum                        0x200000d1   Data           1  app.o(.data)
    ScanCodeMode                             0x200000d2   Data           1  app.o(.data)
    RecycleCaseNum                           0x200000d4   Data           2  app.o(.data)
    RC                                       0x200000d8   Data          32  task.o(.data)
    Delay_ms_Cnt                             0x200000fc   Data           2  delay.o(.data)
    Delay_s_Cnt                              0x200000fe   Data           2  delay.o(.data)
    flag_10Sec                               0x20000100   Data           1  delay.o(.data)
    flag_5Sec                                0x20000101   Data           1  delay.o(.data)
    flag_2Sec                                0x20000102   Data           1  delay.o(.data)
    flag_1Sec                                0x20000103   Data           1  delay.o(.data)
    flag_500mSec                             0x20000104   Data           1  delay.o(.data)
    flag_250mSec                             0x20000105   Data           1  delay.o(.data)
    flag_50mSec                              0x20000106   Data           1  delay.o(.data)
    flag_20mSec                              0x20000108   Data           2  delay.o(.data)
    gWifiSendMessageIsr                      0x2000010a   Data           2  delay.o(.data)
    pwrcount                                 0x2000010c   Data           2  delay.o(.data)
    eeprom                                   0x2000010e   Data           1  delay.o(.data)
    USART_RX_STA                             0x20000110   Data           2  usart.o(.data)
    __stdout                                 0x20000114   Data           4  usart.o(.data)
    Uart1_Rx_length                          0x20000118   Data           2  usart.o(.data)
    Uart1_Tx_length                          0x2000011a   Data           2  usart.o(.data)
    USART1_RX_counter                        0x2000011c   Data           1  usart.o(.data)
    USART1_RX_FINISH_FLAG                    0x2000011d   Data           1  usart.o(.data)
    USART1_RX_Len                            0x2000011e   Data           1  usart.o(.data)
    Uart2_Rx_length                          0x20000120   Data           2  usart.o(.data)
    Uart2_Tx_length                          0x20000122   Data           2  usart.o(.data)
    RxRAM0                                   0x2000013c   Data         100  can.o(.bss)
    USART_RX_BUF                             0x200001a0   Data         200  usart.o(.bss)
    Uart1_Rx                                 0x20000268   Data          90  usart.o(.bss)
    Uart1_Tx                                 0x200002c2   Data         256  usart.o(.bss)
    USART1_RX_BUF                            0x200003c2   Data         100  usart.o(.bss)
    Uart2_Rx                                 0x20000426   Data        1074  usart.o(.bss)
    Uart2_Tx                                 0x20000858   Data         256  usart.o(.bss)
    SendDataBuf2                             0x20000958   Data          10  usart.o(.bss)
    __libspace_start                         0x20000a5c   Data          96  libspace.o(.bss)
    __temporary_stack_top$libspace           0x20000abc   Data           0  libspace.o(.bss)



==============================================================================

Memory Map of the image

  Image Entry point : 0x080000ed

  Load Region LR_IROM1 (Base: 0x08000000, Size: 0x00002690, Max: 0x0000e000, ABSOLUTE, COMPRESSED[0x0000258c])

    Execution Region ER_IROM1 (Exec base: 0x08000000, Load base: 0x08000000, Size: 0x00002554, Max: 0x0000e000, ABSOLUTE)

    Exec Addr    Load Addr    Size         Type   Attr      Idx    E Section Name        Object

    0x08000000   0x08000000   0x000000ec   Data   RO         1499    RESET               startup_stm32f10x_md.o
    0x080000ec   0x080000ec   0x00000008   Code   RO         4514  * !!!main             c_w.l(__main.o)
    0x080000f4   0x080000f4   0x00000034   Code   RO         4700    !!!scatter          c_w.l(__scatter.o)
    0x08000128   0x08000128   0x0000003a   Code   RO         4698    !!dczerorl          c_w.l(__dczerorl.o)
    0x08000162   0x08000162   0x00000002   PAD
    0x08000164   0x08000164   0x0000001c   Code   RO         4702    !!handler_zi        c_w.l(__scatter_zi.o)
    0x08000180   0x08000180   0x00000002   Code   RO         4572    .ARM.Collect$$libinit$$00000000  c_w.l(libinit.o)
    0x08000182   0x08000182   0x00000000   Code   RO         4579    .ARM.Collect$$libinit$$00000002  c_w.l(libinit2.o)
    0x08000182   0x08000182   0x00000000   Code   RO         4581    .ARM.Collect$$libinit$$00000004  c_w.l(libinit2.o)
    0x08000182   0x08000182   0x00000000   Code   RO         4584    .ARM.Collect$$libinit$$0000000A  c_w.l(libinit2.o)
    0x08000182   0x08000182   0x00000000   Code   RO         4586    .ARM.Collect$$libinit$$0000000C  c_w.l(libinit2.o)
    0x08000182   0x08000182   0x00000000   Code   RO         4588    .ARM.Collect$$libinit$$0000000E  c_w.l(libinit2.o)
    0x08000182   0x08000182   0x00000000   Code   RO         4591    .ARM.Collect$$libinit$$00000011  c_w.l(libinit2.o)
    0x08000182   0x08000182   0x00000000   Code   RO         4593    .ARM.Collect$$libinit$$00000013  c_w.l(libinit2.o)
    0x08000182   0x08000182   0x00000000   Code   RO         4595    .ARM.Collect$$libinit$$00000015  c_w.l(libinit2.o)
    0x08000182   0x08000182   0x00000000   Code   RO         4597    .ARM.Collect$$libinit$$00000017  c_w.l(libinit2.o)
    0x08000182   0x08000182   0x00000000   Code   RO         4599    .ARM.Collect$$libinit$$00000019  c_w.l(libinit2.o)
    0x08000182   0x08000182   0x00000000   Code   RO         4601    .ARM.Collect$$libinit$$0000001B  c_w.l(libinit2.o)
    0x08000182   0x08000182   0x00000000   Code   RO         4603    .ARM.Collect$$libinit$$0000001D  c_w.l(libinit2.o)
    0x08000182   0x08000182   0x00000000   Code   RO         4605    .ARM.Collect$$libinit$$0000001F  c_w.l(libinit2.o)
    0x08000182   0x08000182   0x00000000   Code   RO         4607    .ARM.Collect$$libinit$$00000021  c_w.l(libinit2.o)
    0x08000182   0x08000182   0x00000000   Code   RO         4609    .ARM.Collect$$libinit$$00000023  c_w.l(libinit2.o)
    0x08000182   0x08000182   0x00000000   Code   RO         4611    .ARM.Collect$$libinit$$00000025  c_w.l(libinit2.o)
    0x08000182   0x08000182   0x00000000   Code   RO         4615    .ARM.Collect$$libinit$$0000002C  c_w.l(libinit2.o)
    0x08000182   0x08000182   0x00000000   Code   RO         4617    .ARM.Collect$$libinit$$0000002E  c_w.l(libinit2.o)
    0x08000182   0x08000182   0x00000000   Code   RO         4619    .ARM.Collect$$libinit$$00000030  c_w.l(libinit2.o)
    0x08000182   0x08000182   0x00000000   Code   RO         4621    .ARM.Collect$$libinit$$00000032  c_w.l(libinit2.o)
    0x08000182   0x08000182   0x00000002   Code   RO         4622    .ARM.Collect$$libinit$$00000033  c_w.l(libinit2.o)
    0x08000184   0x08000184   0x00000002   Code   RO         4640    .ARM.Collect$$libshutdown$$00000000  c_w.l(libshutdown.o)
    0x08000186   0x08000186   0x00000000   Code   RO         4650    .ARM.Collect$$libshutdown$$00000002  c_w.l(libshutdown2.o)
    0x08000186   0x08000186   0x00000000   Code   RO         4652    .ARM.Collect$$libshutdown$$00000004  c_w.l(libshutdown2.o)
    0x08000186   0x08000186   0x00000000   Code   RO         4655    .ARM.Collect$$libshutdown$$00000007  c_w.l(libshutdown2.o)
    0x08000186   0x08000186   0x00000000   Code   RO         4658    .ARM.Collect$$libshutdown$$0000000A  c_w.l(libshutdown2.o)
    0x08000186   0x08000186   0x00000000   Code   RO         4660    .ARM.Collect$$libshutdown$$0000000C  c_w.l(libshutdown2.o)
    0x08000186   0x08000186   0x00000000   Code   RO         4663    .ARM.Collect$$libshutdown$$0000000F  c_w.l(libshutdown2.o)
    0x08000186   0x08000186   0x00000002   Code   RO         4664    .ARM.Collect$$libshutdown$$00000010  c_w.l(libshutdown2.o)
    0x08000188   0x08000188   0x00000000   Code   RO         4540    .ARM.Collect$$rtentry$$00000000  c_w.l(__rtentry.o)
    0x08000188   0x08000188   0x00000000   Code   RO         4549    .ARM.Collect$$rtentry$$00000002  c_w.l(__rtentry2.o)
    0x08000188   0x08000188   0x00000006   Code   RO         4561    .ARM.Collect$$rtentry$$00000004  c_w.l(__rtentry4.o)
    0x0800018e   0x0800018e   0x00000000   Code   RO         4551    .ARM.Collect$$rtentry$$00000009  c_w.l(__rtentry2.o)
    0x0800018e   0x0800018e   0x00000004   Code   RO         4552    .ARM.Collect$$rtentry$$0000000A  c_w.l(__rtentry2.o)
    0x08000192   0x08000192   0x00000000   Code   RO         4554    .ARM.Collect$$rtentry$$0000000C  c_w.l(__rtentry2.o)
    0x08000192   0x08000192   0x00000008   Code   RO         4555    .ARM.Collect$$rtentry$$0000000D  c_w.l(__rtentry2.o)
    0x0800019a   0x0800019a   0x00000002   Code   RO         4576    .ARM.Collect$$rtexit$$00000000  c_w.l(rtexit.o)
    0x0800019c   0x0800019c   0x00000000   Code   RO         4624    .ARM.Collect$$rtexit$$00000002  c_w.l(rtexit2.o)
    0x0800019c   0x0800019c   0x00000004   Code   RO         4625    .ARM.Collect$$rtexit$$00000003  c_w.l(rtexit2.o)
    0x080001a0   0x080001a0   0x00000006   Code   RO         4626    .ARM.Collect$$rtexit$$00000004  c_w.l(rtexit2.o)
    0x080001a6   0x080001a6   0x00000002   PAD
    0x080001a8   0x080001a8   0x00000040   Code   RO         1500    .text               startup_stm32f10x_md.o
    0x080001e8   0x080001e8   0x00000002   Code   RO         4500    .text               c_w.l(use_no_semi_2.o)
    0x080001ea   0x080001ea   0x00000044   Code   RO         4508    .text               c_w.l(rt_memclr.o)
    0x0800022e   0x0800022e   0x0000004e   Code   RO         4510    .text               c_w.l(rt_memclr_w.o)
    0x0800027c   0x0800027c   0x00000006   Code   RO         4512    .text               c_w.l(heapauxi.o)
    0x08000282   0x08000282   0x00000002   Code   RO         4538    .text               c_w.l(use_no_semi.o)
    0x08000284   0x08000284   0x0000004a   Code   RO         4563    .text               c_w.l(sys_stackheap_outer.o)
    0x080002ce   0x080002ce   0x00000012   Code   RO         4565    .text               c_w.l(exit.o)
    0x080002e0   0x080002e0   0x00000008   Code   RO         4573    .text               c_w.l(libspace.o)
    0x080002e8   0x080002e8   0x00000004   Code   RO          154    i.BusFault_Handler  stm32f10x_it.o
    0x080002ec   0x080002ec   0x000000f0   Code   RO         3033    i.CAN_Receive       stm32f10x_can.o
    0x080003dc   0x080003dc   0x00000126   Code   RO         3038    i.CAN_Transmit      stm32f10x_can.o
    0x08000502   0x08000502   0x00000002   PAD
    0x08000504   0x08000504   0x000000a0   Code   RO         3039    i.CAN_TransmitStatus  stm32f10x_can.o
    0x080005a4   0x080005a4   0x000008a8   Code   RO         1166    i.CheckCarCanCmd    app.o
    0x08000e4c   0x08000e4c   0x00000034   Code   RO         1346    i.DMA1_Channel4_IRQHandler  usart.o
    0x08000e80   0x08000e80   0x00000034   Code   RO         1347    i.DMA1_Channel7_IRQHandler  usart.o
    0x08000eb4   0x08000eb4   0x0000001c   Code   RO         2891    i.DMA_ClearFlag     stm32f10x_dma.o
    0x08000ed0   0x08000ed0   0x00000018   Code   RO         2893    i.DMA_Cmd           stm32f10x_dma.o
    0x08000ee8   0x08000ee8   0x0000014c   Code   RO         2894    i.DMA_DeInit        stm32f10x_dma.o
    0x08001034   0x08001034   0x0000002c   Code   RO         2897    i.DMA_GetITStatus   stm32f10x_dma.o
    0x08001060   0x08001060   0x00000012   Code   RO         2898    i.DMA_ITConfig      stm32f10x_dma.o
    0x08001072   0x08001072   0x0000003c   Code   RO         2899    i.DMA_Init          stm32f10x_dma.o
    0x080010ae   0x080010ae   0x00000002   PAD
    0x080010b0   0x080010b0   0x000000d4   Code   RO         1349    i.DMA_USART2_Configuration  usart.o
    0x08001184   0x08001184   0x00000002   Code   RO          155    i.DebugMon_Handler  stm32f10x_it.o
    0x08001186   0x08001186   0x0000000c   Code   RO         1130    i.EXTI15_10_IRQHandler  exti.o
    0x08001192   0x08001192   0x00000002   PAD
    0x08001194   0x08001194   0x00000088   Code   RO         1131    i.EXTI1_IRQHandler  exti.o
    0x0800121c   0x0800121c   0x0000000a   Code   RO         1132    i.EXTI4_IRQHandler  exti.o
    0x08001226   0x08001226   0x00000002   PAD
    0x08001228   0x08001228   0x0000000c   Code   RO         2964    i.EXTI_ClearITPendingBit  stm32f10x_exti.o
    0x08001234   0x08001234   0x00000028   Code   RO         2968    i.EXTI_GetITStatus  stm32f10x_exti.o
    0x0800125c   0x0800125c   0x00000116   Code   RO         1711    i.GPIO_Init         stm32f10x_gpio.o
    0x08001372   0x08001372   0x00000002   PAD
    0x08001374   0x08001374   0x00000090   Code   RO         1713    i.GPIO_PinRemapConfig  stm32f10x_gpio.o
    0x08001404   0x08001404   0x00000012   Code   RO         1715    i.GPIO_ReadInputDataBit  stm32f10x_gpio.o
    0x08001416   0x08001416   0x00000004   Code   RO         1718    i.GPIO_ResetBits    stm32f10x_gpio.o
    0x0800141a   0x0800141a   0x00000004   Code   RO         1719    i.GPIO_SetBits      stm32f10x_gpio.o
    0x0800141e   0x0800141e   0x00000004   Code   RO          156    i.HardFault_Handler  stm32f10x_it.o
    0x08001422   0x08001422   0x00000002   PAD
    0x08001424   0x08001424   0x000000a0   Code   RO          477    i.IAP_APP_CAN_ReStart  iap_app.o
    0x080014c4   0x080014c4   0x00000074   Code   RO          479    i.IAP_Can_Send_Msg  iap_app.o
    0x08001538   0x08001538   0x00000014   Code   RO          480    i.IAP_Send_Device_ino  iap_app.o
    0x0800154c   0x0800154c   0x0000018c   Code   RO          321    i.KEY_Init          key.o
    0x080016d8   0x080016d8   0x00000048   Code   RO          322    i.KEY_Scan          key.o
    0x08001720   0x08001720   0x00000004   Code   RO          157    i.MemManage_Handler  stm32f10x_it.o
    0x08001724   0x08001724   0x00000002   Code   RO          158    i.NMI_Handler       stm32f10x_it.o
    0x08001726   0x08001726   0x00000002   PAD
    0x08001728   0x08001728   0x00000070   Code   RO         1504    i.NVIC_Init         misc.o
    0x08001798   0x08001798   0x00000014   Code   RO         1505    i.NVIC_PriorityGroupConfig  misc.o
    0x080017ac   0x080017ac   0x00000002   Code   RO          159    i.PendSV_Handler    stm32f10x_it.o
    0x080017ae   0x080017ae   0x00000002   PAD
    0x080017b0   0x080017b0   0x00000020   Code   RO         1820    i.RCC_AHBPeriphClockCmd  stm32f10x_rcc.o
    0x080017d0   0x080017d0   0x00000020   Code   RO         1821    i.RCC_APB1PeriphClockCmd  stm32f10x_rcc.o
    0x080017f0   0x080017f0   0x00000020   Code   RO         1822    i.RCC_APB1PeriphResetCmd  stm32f10x_rcc.o
    0x08001810   0x08001810   0x00000020   Code   RO         1823    i.RCC_APB2PeriphClockCmd  stm32f10x_rcc.o
    0x08001830   0x08001830   0x00000020   Code   RO         1824    i.RCC_APB2PeriphResetCmd  stm32f10x_rcc.o
    0x08001850   0x08001850   0x000000d4   Code   RO         1831    i.RCC_GetClocksFreq  stm32f10x_rcc.o
    0x08001924   0x08001924   0x00000002   Code   RO          160    i.SVC_Handler       stm32f10x_it.o
    0x08001926   0x08001926   0x00000002   PAD
    0x08001928   0x08001928   0x0000003c   Code   RO          368    i.SaveData          can.o
    0x08001964   0x08001964   0x00000080   Code   RO          481    i.Send_response     iap_app.o
    0x080019e4   0x080019e4   0x00000050   Code   RO         1350    i.Serial2Data       usart.o
    0x08001a34   0x08001a34   0x00000008   Code   RO          286    i.SetSysClock       system_stm32f10x.o
    0x08001a3c   0x08001a3c   0x000000e0   Code   RO          287    i.SetSysClockTo72   system_stm32f10x.o
    0x08001b1c   0x08001b1c   0x00000028   Code   RO         1508    i.SysTick_CLKSourceConfig  misc.o
    0x08001b44   0x08001b44   0x00000060   Code   RO          161    i.SysTick_Handler   stm32f10x_it.o
    0x08001ba4   0x08001ba4   0x00000060   Code   RO          289    i.SystemInit        system_stm32f10x.o
    0x08001c04   0x08001c04   0x00000010   Code   RO         1208    i.TIM2_IRQHandler   task.o
    0x08001c14   0x08001c14   0x00000006   Code   RO         2173    i.TIM_ClearFlag     stm32f10x_tim.o
    0x08001c1a   0x08001c1a   0x00000018   Code   RO         2179    i.TIM_Cmd           stm32f10x_tim.o
    0x08001c32   0x08001c32   0x00000012   Code   RO         2199    i.TIM_GetFlagStatus  stm32f10x_tim.o
    0x08001c44   0x08001c44   0x00000012   Code   RO         2204    i.TIM_ITConfig      stm32f10x_tim.o
    0x08001c56   0x08001c56   0x00000002   PAD
    0x08001c58   0x08001c58   0x000000a4   Code   RO         2250    i.TIM_TimeBaseInit  stm32f10x_tim.o
    0x08001cfc   0x08001cfc   0x00000094   Code   RO         1351    i.USART1_IRQHandler  usart.o
    0x08001d90   0x08001d90   0x000000a8   Code   RO         1352    i.USART2_IRQHandler  usart.o
    0x08001e38   0x08001e38   0x00000012   Code   RO         2711    i.USART_ClearFlag   stm32f10x_usart.o
    0x08001e4a   0x08001e4a   0x00000018   Code   RO         2715    i.USART_Cmd         stm32f10x_usart.o
    0x08001e62   0x08001e62   0x00000002   PAD
    0x08001e64   0x08001e64   0x0000009c   Code   RO         2717    i.USART_DeInit      stm32f10x_usart.o
    0x08001f00   0x08001f00   0x0000001a   Code   RO         2718    i.USART_GetFlagStatus  stm32f10x_usart.o
    0x08001f1a   0x08001f1a   0x00000054   Code   RO         2719    i.USART_GetITStatus  stm32f10x_usart.o
    0x08001f6e   0x08001f6e   0x0000004a   Code   RO         2721    i.USART_ITConfig    stm32f10x_usart.o
    0x08001fb8   0x08001fb8   0x000000d8   Code   RO         2722    i.USART_Init        stm32f10x_usart.o
    0x08002090   0x08002090   0x0000000a   Code   RO         2729    i.USART_ReceiveData  stm32f10x_usart.o
    0x0800209a   0x0800209a   0x00000008   Code   RO         2732    i.USART_SendData    stm32f10x_usart.o
    0x080020a2   0x080020a2   0x00000002   PAD
    0x080020a4   0x080020a4   0x00000048   Code   RO          369    i.USB_LP_CAN1_RX0_IRQHandler  can.o
    0x080020ec   0x080020ec   0x00000004   Code   RO          162    i.UsageFault_Handler  stm32f10x_it.o
    0x080020f0   0x080020f0   0x00000004   Code   RO         1356    i._sys_exit         usart.o
    0x080020f4   0x080020f4   0x00000044   Code   RO         1287    i.delay_init        delay.o
    0x08002138   0x08002138   0x0000004c   Code   RO         1288    i.delay_ms          delay.o
    0x08002184   0x08002184   0x00000032   Code   RO            1    i.main              main.o
    0x080021b6   0x080021b6   0x00000002   PAD
    0x080021b8   0x080021b8   0x00000144   Code   RO         1209    i.remote_control_command  task.o
    0x080022fc   0x080022fc   0x00000040   Code   RO          482    i.systeam_ReStart   iap_app.o
    0x0800233c   0x0800233c   0x0000005c   Code   RO          427    i.time2_init        timer.o
    0x08002398   0x08002398   0x0000001a   Code   RO         1359    i.u2_SendArray      usart.o
    0x080023b2   0x080023b2   0x00000002   PAD
    0x080023b4   0x080023b4   0x000000b8   Code   RO         1360    i.uart2_init        usart.o
    0x0800246c   0x0800246c   0x000000a0   Code   RO         1361    i.uart_init         usart.o
    0x0800250c   0x0800250c   0x00000028   Code   RO         1364    i.usart2_send       usart.o
    0x08002534   0x08002534   0x00000020   Data   RO         4696    Region$$Table       anon$$obj.o


    Execution Region RW_IRAM1 (Exec base: 0x20000000, Load base: 0x08002554, Size: 0x00001ec0, Max: 0x00005000, ABSOLUTE, COMPRESSED[0x00000038])

    Exec Addr    Load Addr    Size         Type   Attr      Idx    E Section Name        Object

    0x20000000   COMPRESSED   0x00000007   Data   RW            2    .data               main.o
    0x20000007   COMPRESSED   0x00000001   PAD
    0x20000008   COMPRESSED   0x00000006   Data   RW          163    .data               stm32f10x_it.o
    0x2000000e   COMPRESSED   0x00000002   PAD
    0x20000010   COMPRESSED   0x00000014   Data   RW          290    .data               system_stm32f10x.o
    0x20000024   COMPRESSED   0x0000000b   Data   RW          326    .data               key.o
    0x2000002f   COMPRESSED   0x00000001   PAD
    0x20000030   COMPRESSED   0x0000000c   Data   RW          371    .data               can.o
    0x2000003c   COMPRESSED   0x00000006   Data   RW          484    .data               iap_app.o
    0x20000042   COMPRESSED   0x00000002   PAD
    0x20000044   COMPRESSED   0x00000021   Data   RW          887    .data               motor.o
    0x20000065   COMPRESSED   0x00000003   PAD
    0x20000068   COMPRESSED   0x0000001a   Data   RW         1134    .data               exti.o
    0x20000082   COMPRESSED   0x00000002   PAD
    0x20000084   COMPRESSED   0x00000052   Data   RW         1171    .data               app.o
    0x200000d6   COMPRESSED   0x00000002   PAD
    0x200000d8   COMPRESSED   0x00000020   Data   RW         1210    .data               task.o
    0x200000f8   COMPRESSED   0x00000017   Data   RW         1290    .data               delay.o
    0x2000010f   COMPRESSED   0x00000001   PAD
    0x20000110   COMPRESSED   0x00000015   Data   RW         1367    .data               usart.o
    0x20000125   COMPRESSED   0x00000014   Data   RW         1851    .data               stm32f10x_rcc.o
    0x20000139   COMPRESSED   0x00000003   PAD
    0x2000013c        -       0x00000064   Zero   RW          370    .bss                can.o
    0x200001a0        -       0x000008bc   Zero   RW         1366    .bss                usart.o
    0x20000a5c        -       0x00000060   Zero   RW         4574    .bss                c_w.l(libspace.o)
    0x20000abc   COMPRESSED   0x00000004   PAD
    0x20000ac0        -       0x00000400   Zero   RW         1498    HEAP                startup_stm32f10x_md.o
    0x20000ec0        -       0x00001000   Zero   RW         1497    STACK               startup_stm32f10x_md.o


==============================================================================

Image component sizes


      Code (inc. data)   RO Data    RW Data    ZI Data      Debug   Object Name

      2216        252          0         82          0       3334   app.o
       132         28          0         12        100       1995   can.o
       144         22          0         23          0       1982   delay.o
       158         34          0         26          0       2043   exti.o
       488         36          0          6          0      19070   iap_app.o
       468         24          0         11          0       2184   key.o
        50          0          0          7          0     270234   main.o
       172         22          0          0          0       2049   misc.o
         0          0          0         33          0        730   motor.o
        64         26        236          0       5120        784   startup_stm32f10x_md.o
       694         22          0          0          0       2998   stm32f10x_can.o
       506         26          0          0          0       5115   stm32f10x_dma.o
        52         12          0          0          0       1124   stm32f10x_exti.o
       448          6          0          0          0       4482   stm32f10x_gpio.o
       120         14          0          6          0       3881   stm32f10x_it.o
       372         50          0         20          0       6132   stm32f10x_rcc.o
       230         42          0          0          0       3460   stm32f10x_tim.o
       616         28          0          0          0       7314   stm32f10x_usart.o
         0          0          0          0          0         32   sys.o
       328         28          0         20          0       2017   system_stm32f10x.o
       340         20          0         32          0       1860   task.o
        92          0          0          0          0        637   timer.o
      1126        108          0         21       2236       8870   usart.o

    ----------------------------------------------------------------------
      8844        800        268        316       7456     352327   Object Totals
         0          0         32          0          0          0   (incl. Generated)
        28          0          0         17          0          0   (incl. Padding)

    ----------------------------------------------------------------------

      Code (inc. data)   RO Data    RW Data    ZI Data      Debug   Library Member Name

        58          0          0          0          0          0   __dczerorl.o
         8          0          0          0          0         68   __main.o
         0          0          0          0          0          0   __rtentry.o
        12          0          0          0          0          0   __rtentry2.o
         6          0          0          0          0          0   __rtentry4.o
        52          8          0          0          0          0   __scatter.o
        28          0          0          0          0          0   __scatter_zi.o
        18          0          0          0          0         80   exit.o
         6          0          0          0          0        152   heapauxi.o
         2          0          0          0          0          0   libinit.o
         2          0          0          0          0          0   libinit2.o
         2          0          0          0          0          0   libshutdown.o
         2          0          0          0          0          0   libshutdown2.o
         8          4          0          0         96         68   libspace.o
        68          0          0          0          0         68   rt_memclr.o
        78          0          0          0          0         80   rt_memclr_w.o
         2          0          0          0          0          0   rtexit.o
        10          0          0          0          0          0   rtexit2.o
        74          0          0          0          0         80   sys_stackheap_outer.o
         2          0          0          0          0         68   use_no_semi.o
         2          0          0          0          0         68   use_no_semi_2.o

    ----------------------------------------------------------------------
       444         12          0          0        100        732   Library Totals
         4          0          0          0          4          0   (incl. Padding)

    ----------------------------------------------------------------------

      Code (inc. data)   RO Data    RW Data    ZI Data      Debug   Library Name

       440         12          0          0         96        732   c_w.l

    ----------------------------------------------------------------------
       444         12          0          0        100        732   Library Totals

    ----------------------------------------------------------------------

==============================================================================


      Code (inc. data)   RO Data    RW Data    ZI Data      Debug   

      9288        812        268        316       7556     348843   Grand Totals
      9288        812        268         56       7556     348843   ELF Image Totals (compressed)
      9288        812        268         56          0          0   ROM Totals

==============================================================================

    Total RO  Size (Code + RO Data)                 9556 (   9.33kB)
    Total RW  Size (RW Data + ZI Data)              7872 (   7.69kB)
    Total ROM Size (Code + RO Data + RW Data)       9612 (   9.39kB)

==============================================================================

